Component: ARM Compiler 5.06 update 5 (build 528) Tool: armlink [4d35e2]

==============================================================================

Section Cross References

    flash.o(i.main) refers to system_mkw41z4.o(i.SystemCoreClockUpdate) for SystemCoreClockUpdate
    flash.o(i.main) refers to led_frdm-kw41z.o(i.LED_Initialize) for LED_Initialize
    flash.o(i.main) refers to tasks.o(i.xTaskCreate) for xTaskCreate
    flash.o(i.main) refers to tasks.o(i.vTaskStartScheduler) for vTaskStartScheduler
    flash.o(i.main) refers to flash.o(i.toggleLed0) for toggleLed0
    flash.o(i.main) refers to flash.o(i.toggleLed1) for toggleLed1
    flash.o(i.main) refers to flash.o(i.toggleLed2) for toggleLed2
    flash.o(i.main) refers to flash.o(i.toggleLed3) for toggleLed3
    flash.o(i.toggleLed0) refers to tasks.o(i.vTaskDelay) for vTaskDelay
    flash.o(i.toggleLed0) refers to led_frdm-kw41z.o(i.LED_On) for LED_On
    flash.o(i.toggleLed0) refers to led_frdm-kw41z.o(i.LED_Off) for LED_Off
    flash.o(i.toggleLed1) refers to tasks.o(i.vTaskDelay) for vTaskDelay
    flash.o(i.toggleLed1) refers to led_frdm-kw41z.o(i.LED_On) for LED_On
    flash.o(i.toggleLed1) refers to led_frdm-kw41z.o(i.LED_Off) for LED_Off
    flash.o(i.toggleLed2) refers to tasks.o(i.vTaskDelay) for vTaskDelay
    flash.o(i.toggleLed2) refers to led_frdm-kw41z.o(i.LED_On) for LED_On
    flash.o(i.toggleLed2) refers to led_frdm-kw41z.o(i.LED_Off) for LED_Off
    flash.o(i.toggleLed3) refers to tasks.o(i.vTaskDelay) for vTaskDelay
    flash.o(i.toggleLed3) refers to led_frdm-kw41z.o(i.LED_On) for LED_On
    flash.o(i.toggleLed3) refers to led_frdm-kw41z.o(i.LED_Off) for LED_Off
    led_frdm-kw41z.o(i.LED_Initialize) refers to led_frdm-kw41z.o(.constdata) for led_port
    led_frdm-kw41z.o(i.LED_Off) refers to led_frdm-kw41z.o(.constdata) for led_pin
    led_frdm-kw41z.o(i.LED_On) refers to led_frdm-kw41z.o(.constdata) for led_pin
    led_frdm-kw41z.o(i.LED_SetOut) refers to led_frdm-kw41z.o(i.LED_On) for LED_On
    led_frdm-kw41z.o(i.LED_SetOut) refers to led_frdm-kw41z.o(i.LED_Off) for LED_Off
    startup_mkw41z4.o(STACK) refers (Special) to heapauxi.o(.text) for __use_two_region_memory
    startup_mkw41z4.o(HEAP) refers (Special) to heapauxi.o(.text) for __use_two_region_memory
    startup_mkw41z4.o(RESET) refers (Special) to heapauxi.o(.text) for __use_two_region_memory
    startup_mkw41z4.o(RESET) refers to startup_mkw41z4.o(STACK) for __initial_sp
    startup_mkw41z4.o(RESET) refers to startup_mkw41z4.o(.text) for Reset_Handler
    startup_mkw41z4.o(RESET) refers to port.o(i.SVC_Handler) for SVC_Handler
    startup_mkw41z4.o(RESET) refers to port.o(.emb_text) for PendSV_Handler
    startup_mkw41z4.o(RESET) refers to port.o(i.SysTick_Handler) for SysTick_Handler
    startup_mkw41z4.o(.ARM.__at_0x400) refers (Special) to heapauxi.o(.text) for __use_two_region_memory
    startup_mkw41z4.o(.text) refers (Special) to heapauxi.o(.text) for __use_two_region_memory
    startup_mkw41z4.o(.text) refers to startup_mkw41z4.o(RESET) for __Vectors
    startup_mkw41z4.o(.text) refers to system_mkw41z4.o(i.SystemInit) for SystemInit
    startup_mkw41z4.o(.text) refers to __main.o(!!!main) for __main
    startup_mkw41z4.o(.text) refers to startup_mkw41z4.o(HEAP) for Heap_Mem
    startup_mkw41z4.o(.text) refers to startup_mkw41z4.o(STACK) for Stack_Mem
    system_mkw41z4.o(i.SystemCoreClockUpdate) refers to aeabi_sdiv.o(.text) for __aeabi_uidivmod
    system_mkw41z4.o(i.SystemCoreClockUpdate) refers to system_mkw41z4.o(i.__ARM_common_switch8) for __ARM_common_switch8
    system_mkw41z4.o(i.SystemCoreClockUpdate) refers to system_mkw41z4.o(.data) for SystemCoreClock
    event_groups.o(i.vEventGroupClearBitsCallback) refers to event_groups.o(i.xEventGroupClearBits) for xEventGroupClearBits
    event_groups.o(i.vEventGroupDelete) refers to tasks.o(i.vTaskSuspendAll) for vTaskSuspendAll
    event_groups.o(i.vEventGroupDelete) refers to tasks.o(i.xTaskRemoveFromUnorderedEventList) for xTaskRemoveFromUnorderedEventList
    event_groups.o(i.vEventGroupDelete) refers to heap_4.o(i.vPortFree) for vPortFree
    event_groups.o(i.vEventGroupDelete) refers to tasks.o(i.xTaskResumeAll) for xTaskResumeAll
    event_groups.o(i.vEventGroupSetBitsCallback) refers to event_groups.o(i.xEventGroupSetBits) for xEventGroupSetBits
    event_groups.o(i.xEventGroupClearBits) refers to port.o(i.vPortEnterCritical) for vPortEnterCritical
    event_groups.o(i.xEventGroupClearBits) refers to port.o(i.vPortExitCritical) for vPortExitCritical
    event_groups.o(i.xEventGroupCreate) refers to heap_4.o(i.pvPortMalloc) for pvPortMalloc
    event_groups.o(i.xEventGroupCreate) refers to list.o(i.vListInitialise) for vListInitialise
    event_groups.o(i.xEventGroupGetBitsFromISR) refers to port.o(.emb_text) for ulSetInterruptMaskFromISR
    event_groups.o(i.xEventGroupSetBits) refers to tasks.o(i.vTaskSuspendAll) for vTaskSuspendAll
[...]
    timers.o(i.prvProcessTimerOrBlockTask) refers to timers.o(i.prvSampleTimeNow) for prvSampleTimeNow
    timers.o(i.prvProcessTimerOrBlockTask) refers to tasks.o(i.xTaskResumeAll) for xTaskResumeAll
    timers.o(i.prvProcessTimerOrBlockTask) refers to timers.o(i.prvProcessExpiredTimer) for prvProcessExpiredTimer
    timers.o(i.prvProcessTimerOrBlockTask) refers to queue.o(i.vQueueWaitForMessageRestricted) for vQueueWaitForMessageRestricted
    timers.o(i.prvProcessTimerOrBlockTask) refers to port.o(i.vPortYield) for vPortYield
    timers.o(i.prvProcessTimerOrBlockTask) refers to timers.o(.data) for pxOverflowTimerList
    timers.o(i.prvSampleTimeNow) refers to tasks.o(i.xTaskGetTickCount) for xTaskGetTickCount
    timers.o(i.prvSampleTimeNow) refers to timers.o(i.prvSwitchTimerLists) for prvSwitchTimerLists
    timers.o(i.prvSampleTimeNow) refers to timers.o(.data) for xLastTime
    timers.o(i.prvSwitchTimerLists) refers to list.o(i.uxListRemove) for uxListRemove
    timers.o(i.prvSwitchTimerLists) refers to list.o(i.vListInsert) for vListInsert
    timers.o(i.prvSwitchTimerLists) refers to timers.o(i.xTimerGenericCommand) for xTimerGenericCommand
    timers.o(i.prvSwitchTimerLists) refers to timers.o(.data) for pxCurrentTimerList
    timers.o(i.prvTimerTask) refers to timers.o(i.prvGetNextExpireTime) for prvGetNextExpireTime
    timers.o(i.prvTimerTask) refers to timers.o(i.prvProcessTimerOrBlockTask) for prvProcessTimerOrBlockTask
    timers.o(i.prvTimerTask) refers to timers.o(i.prvProcessReceivedCommands) for prvProcessReceivedCommands
    timers.o(i.pvTimerGetTimerID) refers to port.o(i.vPortEnterCritical) for vPortEnterCritical
    timers.o(i.pvTimerGetTimerID) refers to port.o(i.vPortExitCritical) for vPortExitCritical
    timers.o(i.vTimerSetTimerID) refers to port.o(i.vPortEnterCritical) for vPortEnterCritical
    timers.o(i.vTimerSetTimerID) refers to port.o(i.vPortExitCritical) for vPortExitCritical
    timers.o(i.xTimerCreate) refers to heap_4.o(i.pvPortMalloc) for pvPortMalloc
    timers.o(i.xTimerCreate) refers to timers.o(i.prvInitialiseNewTimer) for prvInitialiseNewTimer
    timers.o(i.xTimerCreateTimerTask) refers to timers.o(i.prvCheckForValidListAndQueue) for prvCheckForValidListAndQueue
    timers.o(i.xTimerCreateTimerTask) refers to tasks.o(i.xTaskCreate) for xTaskCreate
    timers.o(i.xTimerCreateTimerTask) refers to timers.o(.data) for xTimerQueue
    timers.o(i.xTimerCreateTimerTask) refers to timers.o(i.prvTimerTask) for prvTimerTask
    timers.o(i.xTimerGenericCommand) refers to tasks.o(i.xTaskGetSchedulerState) for xTaskGetSchedulerState
    timers.o(i.xTimerGenericCommand) refers to queue.o(i.xQueueGenericSend) for xQueueGenericSend
    timers.o(i.xTimerGenericCommand) refers to queue.o(i.xQueueGenericSendFromISR) for xQueueGenericSendFromISR
    timers.o(i.xTimerGenericCommand) refers to timers.o(.data) for xTimerQueue
    timers.o(i.xTimerGetTimerDaemonTaskHandle) refers to timers.o(.data) for xTimerTaskHandle
    timers.o(i.xTimerIsTimerActive) refers to port.o(i.vPortEnterCritical) for vPortEnterCritical
    timers.o(i.xTimerIsTimerActive) refers to port.o(i.vPortExitCritical) for vPortExitCritical
    rt_memcpy.o(.text) refers to rt_memcpy.o(.emb_text) for __aeabi_memcpy4
    __main.o(!!!main) refers to __rtentry.o(.ARM.Collect$$rtentry$$00000000) for __rt_entry
    __rtentry.o(.ARM.Collect$$rtentry$$00000000) refers (Special) to __rtentry2.o(.ARM.Collect$$rtentry$$0000000A) for __rt_entry_li
    __rtentry.o(.ARM.Collect$$rtentry$$00000000) refers (Special) to __rtentry2.o(.ARM.Collect$$rtentry$$0000000D) for __rt_entry_main
    __rtentry.o(.ARM.Collect$$rtentry$$00000000) refers (Special) to __rtentry2.o(.ARM.Collect$$rtentry$$0000000C) for __rt_entry_postli_1
    __rtentry.o(.ARM.Collect$$rtentry$$00000000) refers (Special) to __rtentry2.o(.ARM.Collect$$rtentry$$00000009) for __rt_entry_postsh_1
    __rtentry.o(.ARM.Collect$$rtentry$$00000000) refers (Special) to __rtentry2.o(.ARM.Collect$$rtentry$$00000002) for __rt_entry_presh_1
    __rtentry.o(.ARM.Collect$$rtentry$$00000000) refers (Special) to __rtentry4.o(.ARM.Collect$$rtentry$$00000004) for __rt_entry_sh
    aeabi_idiv0_sigfpe.o(.text) refers to rt_div0.o(.text) for __rt_div0
    __rtentry2.o(.ARM.Collect$$rtentry$$00000008) refers to boardinit2.o(.text) for _platform_post_stackheap_init
    __rtentry2.o(.ARM.Collect$$rtentry$$0000000A) refers to libinit.o(.ARM.Collect$$libinit$$00000000) for __rt_lib_init
    __rtentry2.o(.ARM.Collect$$rtentry$$0000000B) refers to boardinit3.o(.text) for _platform_post_lib_init
    __rtentry2.o(.ARM.Collect$$rtentry$$0000000D) refers to flash.o(i.main) for main
    __rtentry2.o(.ARM.Collect$$rtentry$$0000000D) refers to exit.o(.text) for exit
    __rtentry2.o(.ARM.exidx) refers to __rtentry2.o(.ARM.Collect$$rtentry$$00000001) for .ARM.Collect$$rtentry$$00000001
    __rtentry2.o(.ARM.exidx) refers to __rtentry2.o(.ARM.Collect$$rtentry$$00000008) for .ARM.Collect$$rtentry$$00000008
    __rtentry2.o(.ARM.exidx) refers to __rtentry2.o(.ARM.Collect$$rtentry$$0000000A) for .ARM.Collect$$rtentry$$0000000A
    __rtentry2.o(.ARM.exidx) refers to __rtentry2.o(.ARM.Collect$$rtentry$$0000000B) for .ARM.Collect$$rtentry$$0000000B
    __rtentry2.o(.ARM.exidx) refers to __rtentry2.o(.ARM.Collect$$rtentry$$0000000D) for .ARM.Collect$$rtentry$$0000000D
    __rtentry4.o(.ARM.Collect$$rtentry$$00000004) refers to sys_stackheap_outer.o(.text) for __user_setup_stackheap
    __rtentry4.o(.ARM.exidx) refers to __rtentry4.o(.ARM.Collect$$rtentry$$00000004) for .ARM.Collect$$rtentry$$00000004
    rt_div0.o(.text) refers to defsig_fpe_outer.o(.text) for __rt_SIGFPE
    sys_stackheap_outer.o(.text) refers to libspace.o(.text) for __user_perproc_libspace
    sys_stackheap_outer.o(.text) refers to startup_mkw41z4.o(.text) for __user_initial_stackheap
    sys_stackheap_outer.o(__vectab_stack_and_reset_area) refers to tempstk.o(.text) for __temporary_stack_top
    sys_stackheap_outer.o(__vectab_stack_and_reset_area) refers to __main.o(!!!main) for __main
    exit.o(.text) refers to rtexit.o(.ARM.Collect$$rtexit$$00000000) for __rt_exit
    defsig_fpe_outer.o(.text) refers to defsig_fpe_inner.o(.text) for __rt_SIGFPE_inner
    defsig_fpe_outer.o(.text) refers to defsig_exit.o(.text) for __sig_exit
    defsig_fpe_formal.o(.text) refers to rt_raise.o(.text) for __rt_raise
    libinit.o(.ARM.Collect$$libinit$$00000000) refers (Special) to libinit2.o(.ARM.Collect$$libinit$$0000002E) for __rt_lib_init_alloca_1
    libinit.o(.ARM.Collect$$libinit$$00000000) refers (Special) to libinit2.o(.ARM.Collect$$libinit$$0000002C) for __rt_lib_init_argv_1
    libinit.o(.ARM.Collect$$libinit$$00000000) refers (Special) to libinit2.o(.ARM.Collect$$libinit$$0000001B) for __rt_lib_init_atexit_1
    libinit.o(.ARM.Collect$$libinit$$00000000) refers (Special) to libinit2.o(.ARM.Collect$$libinit$$00000021) for __rt_lib_init_clock_1
    libinit.o(.ARM.Collect$$libinit$$00000000) refers (Special) to libinit2.o(.ARM.Collect$$libinit$$00000032) for __rt_lib_init_cpp_1
    libinit.o(.ARM.Collect$$libinit$$00000000) refers (Special) to libinit2.o(.ARM.Collect$$libinit$$00000030) for __rt_lib_init_exceptions_1
    libinit.o(.ARM.Collect$$libinit$$00000000) refers (Special) to libinit2.o(.ARM.Collect$$libinit$$00000002) for __rt_lib_init_fp_1
    libinit.o(.ARM.Collect$$libinit$$00000000) refers (Special) to libinit2.o(.ARM.Collect$$libinit$$0000001F) for __rt_lib_init_fp_trap_1
    libinit.o(.ARM.Collect$$libinit$$00000000) refers (Special) to libinit2.o(.ARM.Collect$$libinit$$00000023) for __rt_lib_init_getenv_1
    libinit.o(.ARM.Collect$$libinit$$00000000) refers (Special) to libinit2.o(.ARM.Collect$$libinit$$0000000A) for __rt_lib_init_heap_1
    libinit.o(.ARM.Collect$$libinit$$00000000) refers (Special) to libinit2.o(.ARM.Collect$$libinit$$00000011) for __rt_lib_init_lc_collate_1
    libinit.o(.ARM.Collect$$libinit$$00000000) refers (Special) to libinit2.o(.ARM.Collect$$libinit$$00000013) for __rt_lib_init_lc_ctype_1
    libinit.o(.ARM.Collect$$libinit$$00000000) refers (Special) to libinit2.o(.ARM.Collect$$libinit$$00000015) for __rt_lib_init_lc_monetary_1
    libinit.o(.ARM.Collect$$libinit$$00000000) refers (Special) to libinit2.o(.ARM.Collect$$libinit$$00000017) for __rt_lib_init_lc_numeric_1
    libinit.o(.ARM.Collect$$libinit$$00000000) refers (Special) to libinit2.o(.ARM.Collect$$libinit$$00000019) for __rt_lib_init_lc_time_1
    libinit.o(.ARM.Collect$$libinit$$00000000) refers (Special) to libinit2.o(.ARM.Collect$$libinit$$00000004) for __rt_lib_init_preinit_1
    libinit.o(.ARM.Collect$$libinit$$00000000) refers (Special) to libinit2.o(.ARM.Collect$$libinit$$0000000E) for __rt_lib_init_rand_1
    libinit.o(.ARM.Collect$$libinit$$00000000) refers (Special) to libinit2.o(.ARM.Collect$$libinit$$00000033) for __rt_lib_init_return
    libinit.o(.ARM.Collect$$libinit$$00000000) refers (Special) to libinit2.o(.ARM.Collect$$libinit$$0000001D) for __rt_lib_init_signal_1
    libinit.o(.ARM.Collect$$libinit$$00000000) refers (Special) to libinit2.o(.ARM.Collect$$libinit$$00000025) for __rt_lib_init_stdio_1
    libinit.o(.ARM.Collect$$libinit$$00000000) refers (Special) to libinit2.o(.ARM.Collect$$libinit$$0000000C) for __rt_lib_init_user_alloc_1
    libspace.o(.text) refers to libspace.o(.bss) for __libspace_start
    rtexit.o(.ARM.Collect$$rtexit$$00000000) refers (Special) to rtexit2.o(.ARM.Collect$$rtexit$$00000004) for __rt_exit_exit
    rtexit.o(.ARM.Collect$$rtexit$$00000000) refers (Special) to rtexit2.o(.ARM.Collect$$rtexit$$00000003) for __rt_exit_ls
    rtexit.o(.ARM.Collect$$rtexit$$00000000) refers (Special) to rtexit2.o(.ARM.Collect$$rtexit$$00000002) for __rt_exit_prels_1
    rtexit.o(.ARM.exidx) refers (Special) to rtexit2.o(.ARM.Collect$$rtexit$$00000004) for __rt_exit_exit
    rtexit.o(.ARM.exidx) refers (Special) to rtexit2.o(.ARM.Collect$$rtexit$$00000003) for __rt_exit_ls
    rtexit.o(.ARM.exidx) refers (Special) to rtexit2.o(.ARM.Collect$$rtexit$$00000002) for __rt_exit_prels_1
    rtexit.o(.ARM.exidx) refers to rtexit.o(.ARM.Collect$$rtexit$$00000000) for .ARM.Collect$$rtexit$$00000000
    rt_raise.o(.text) refers to __raise.o(.text) for __raise
    rt_raise.o(.text) refers to sys_exit.o(.text) for _sys_exit
    defsig_exit.o(.text) refers to sys_exit.o(.text) for _sys_exit
    defsig_fpe_inner.o(.text) refers to defsig_general.o(.text) for __default_signal_display
    libinit2.o(.ARM.Collect$$libinit$$00000010) refers to libinit2.o(.ARM.Collect$$libinit$$0000000F) for .ARM.Collect$$libinit$$0000000F
    libinit2.o(.ARM.Collect$$libinit$$00000012) refers to libinit2.o(.ARM.Collect$$libinit$$0000000F) for .ARM.Collect$$libinit$$0000000F
    libinit2.o(.ARM.Collect$$libinit$$00000014) refers to libinit2.o(.ARM.Collect$$libinit$$0000000F) for .ARM.Collect$$libinit$$0000000F
    libinit2.o(.ARM.Collect$$libinit$$00000016) refers to libinit2.o(.ARM.Collect$$libinit$$0000000F) for .ARM.Collect$$libinit$$0000000F
    libinit2.o(.ARM.Collect$$libinit$$00000018) refers to libinit2.o(.ARM.Collect$$libinit$$0000000F) for .ARM.Collect$$libinit$$0000000F
    libinit2.o(.ARM.Collect$$libinit$$00000026) refers to argv_veneer.o(.text) for __ARM_argv_veneer
    libinit2.o(.ARM.Collect$$libinit$$00000027) refers to argv_veneer.o(.text) for __ARM_argv_veneer
    sys_exit.o(.text) refers (Special) to use_no_semi.o(.text) for __I$use$semihosting
    sys_exit.o(.text) refers (Special) to indicate_semi.o(.text) for __semihosting_library_function
    rtexit2.o(.ARM.Collect$$rtexit$$00000003) refers to libshutdown.o(.ARM.Collect$$libshutdown$$00000000) for __rt_lib_shutdown
    rtexit2.o(.ARM.Collect$$rtexit$$00000004) refers to sys_exit.o(.text) for _sys_exit
    rtexit2.o(.ARM.exidx) refers to rtexit2.o(.ARM.Collect$$rtexit$$00000001) for .ARM.Collect$$rtexit$$00000001
    rtexit2.o(.ARM.exidx) refers to rtexit2.o(.ARM.Collect$$rtexit$$00000003) for .ARM.Collect$$rtexit$$00000003
    rtexit2.o(.ARM.exidx) refers to rtexit2.o(.ARM.Collect$$rtexit$$00000004) for .ARM.Collect$$rtexit$$00000004
    __raise.o(.text) refers to defsig.o(CL$$defsig) for __default_signal_handler
    defsig_general.o(.text) refers to sys_wrch.o(.text) for _ttywrch
    sys_wrch.o(.text) refers (Special) to use_no_semi.o(.text) for __I$use$semihosting
    sys_wrch.o(.text) refers (Special) to indicate_semi.o(.text) for __semihosting_library_function
    defsig.o(CL$$defsig) refers to defsig_fpe_inner.o(.text) for __rt_SIGFPE_inner
    defsig.o(CL$$defsig) refers to defsig_rtmem_inner.o(.text) for __rt_SIGRTMEM_inner
    _get_argv_nomalloc.o(.text) refers (Special) to hrguard.o(.text) for __heap_region$guard
    _get_argv_nomalloc.o(.text) refers to defsig_rtmem_outer.o(.text) for __rt_SIGRTMEM
    _get_argv_nomalloc.o(.text) refers to sys_command.o(.text) for _sys_command_string
    libshutdown.o(.ARM.Collect$$libshutdown$$00000000) refers (Special) to libshutdown2.o(.ARM.Collect$$libshutdown$$00000002) for __rt_lib_shutdown_cpp_1
    libshutdown.o(.ARM.Collect$$libshutdown$$00000000) refers (Special) to libshutdown2.o(.ARM.Collect$$libshutdown$$00000007) for __rt_lib_shutdown_fp_trap_1
    libshutdown.o(.ARM.Collect$$libshutdown$$00000000) refers (Special) to libshutdown2.o(.ARM.Collect$$libshutdown$$0000000F) for __rt_lib_shutdown_heap_1
    libshutdown.o(.ARM.Collect$$libshutdown$$00000000) refers (Special) to libshutdown2.o(.ARM.Collect$$libshutdown$$00000010) for __rt_lib_shutdown_return
    libshutdown.o(.ARM.Collect$$libshutdown$$00000000) refers (Special) to libshutdown2.o(.ARM.Collect$$libshutdown$$0000000A) for __rt_lib_shutdown_signal_1
    libshutdown.o(.ARM.Collect$$libshutdown$$00000000) refers (Special) to libshutdown2.o(.ARM.Collect$$libshutdown$$00000004) for __rt_lib_shutdown_stdio_1
    libshutdown.o(.ARM.Collect$$libshutdown$$00000000) refers (Special) to libshutdown2.o(.ARM.Collect$$libshutdown$$0000000C) for __rt_lib_shutdown_user_alloc_1
    sys_command.o(.text) refers (Special) to use_no_semi.o(.text) for __I$use$semihosting
    sys_command.o(.text) refers (Special) to indicate_semi.o(.text) for __semihosting_library_function
    defsig_abrt_inner.o(.text) refers to defsig_general.o(.text) for __default_signal_display
    defsig_rtred_inner.o(.text) refers to defsig_general.o(.text) for __default_signal_display
    defsig_rtmem_inner.o(.text) refers to defsig_general.o(.text) for __default_signal_display
    defsig_rtmem_outer.o(.text) refers to defsig_rtmem_inner.o(.text) for __rt_SIGRTMEM_inner
    defsig_rtmem_outer.o(.text) refers to defsig_exit.o(.text) for __sig_exit
    defsig_rtmem_formal.o(.text) refers to rt_raise.o(.text) for __rt_raise
    defsig_stak_inner.o(.text) refers to defsig_general.o(.text) for __default_signal_display
    defsig_pvfn_inner.o(.text) refers to defsig_general.o(.text) for __default_signal_display
    defsig_cppl_inner.o(.text) refers to defsig_general.o(.text) for __default_signal_display
    defsig_segv_inner.o(.text) refers to defsig_general.o(.text) for __default_signal_display
    defsig_other.o(.text) refers to defsig_general.o(.text) for __default_signal_display


==============================================================================

Removing Unused input sections from the image.

    Removing flash.o(.rev16_text), (4 bytes).
    Removing flash.o(.revsh_text), (4 bytes).
    Removing led_frdm-kw41z.o(.rev16_text), (4 bytes).
    Removing led_frdm-kw41z.o(.revsh_text), (4 bytes).
    Removing led_frdm-kw41z.o(i.LED_GetCount), (4 bytes).
    Removing led_frdm-kw41z.o(i.LED_SetOut), (42 bytes).
    Removing led_frdm-kw41z.o(i.LED_Uninitialize), (4 bytes).
    Removing system_mkw41z4.o(.rev16_text), (4 bytes).
    Removing system_mkw41z4.o(.revsh_text), (4 bytes).
    Removing freertos_evr.o(.rev16_text), (4 bytes).
    Removing freertos_evr.o(.revsh_text), (4 bytes).
    Removing event_groups.o(i.prvTestWaitCondition), (34 bytes).
    Removing event_groups.o(i.vEventGroupClearBitsCallback), (16 bytes).
    Removing event_groups.o(i.vEventGroupDelete), (68 bytes).
    Removing event_groups.o(i.vEventGroupSetBitsCallback), (16 bytes).
    Removing event_groups.o(i.xEventGroupClearBits), (62 bytes).
    Removing event_groups.o(i.xEventGroupCreate), (28 bytes).
    Removing event_groups.o(i.xEventGroupGetBitsFromISR), (24 bytes).
    Removing event_groups.o(i.xEventGroupSetBits), (200 bytes).
    Removing event_groups.o(i.xEventGroupSync), (234 bytes).
    Removing event_groups.o(i.xEventGroupWaitBits), (288 bytes).
    Removing heap_4.o(i.vPortInitialiseBlocks), (2 bytes).
    Removing heap_4.o(i.xPortGetFreeHeapSize), (12 bytes).
    Removing heap_4.o(i.xPortGetMinimumEverFreeHeapSize), (12 bytes).
    Removing port.o(i.vPortEndScheduler), (36 bytes).
    Removing queue.o(i.prvInitialiseMutex), (30 bytes).
    Removing queue.o(i.uxQueueMessagesWaiting), (28 bytes).
    Removing queue.o(i.uxQueueMessagesWaitingFromISR), (16 bytes).
    Removing queue.o(i.uxQueueSpacesAvailable), (34 bytes).
    Removing queue.o(i.vQueueDelete), (24 bytes).
    Removing queue.o(i.xQueueAddToSet), (42 bytes).
    Removing queue.o(i.xQueueCreateCountingSemaphore), (68 bytes).
    Removing queue.o(i.xQueueCreateMutex), (30 bytes).
    Removing queue.o(i.xQueueCreateSet), (20 bytes).
    Removing queue.o(i.xQueueGiveFromISR), (198 bytes).
    Removing queue.o(i.xQueueGiveMutexRecursive), (60 bytes).
    Removing queue.o(i.xQueueIsQueueEmptyFromISR), (26 bytes).
    Removing queue.o(i.xQueueIsQueueFullFromISR), (28 bytes).
    Removing queue.o(i.xQueuePeekFromISR), (108 bytes).
    Removing queue.o(i.xQueueReceiveFromISR), (158 bytes).
    Removing queue.o(i.xQueueRemoveFromSet), (46 bytes).
    Removing queue.o(i.xQueueSelectFromSet), (26 bytes).
    Removing queue.o(i.xQueueSelectFromSetFromISR), (22 bytes).
    Removing queue.o(i.xQueueTakeMutexRecursive), (66 bytes).
    Removing tasks.o(i.eTaskGetState), (120 bytes).
    Removing tasks.o(i.pcTaskGetName), (36 bytes).
    Removing tasks.o(i.prvTaskIsTaskSuspended), (84 bytes).
    Removing tasks.o(i.ulTaskNotifyTake), (108 bytes).
    Removing tasks.o(i.uxTaskGetNumberOfTasks), (12 bytes).
    Removing tasks.o(i.uxTaskPriorityGet), (36 bytes).
    Removing tasks.o(i.uxTaskPriorityGetFromISR), (40 bytes).
    Removing tasks.o(i.uxTaskResetEventItemValue), (28 bytes).
    Removing tasks.o(i.vTaskDelayUntil), (156 bytes).
    Removing tasks.o(i.vTaskDelete), (180 bytes).
    Removing tasks.o(i.vTaskEndScheduler), (20 bytes).
    Removing tasks.o(i.vTaskNotifyGiveFromISR), (184 bytes).
    Removing tasks.o(i.vTaskPlaceOnUnorderedEventList), (84 bytes).
    Removing tasks.o(i.vTaskPrioritySet), (228 bytes).
    Removing tasks.o(i.vTaskResume), (116 bytes).
    Removing tasks.o(i.vTaskSuspend), (168 bytes).
    Removing tasks.o(i.xTaskGenericNotify), (212 bytes).
    Removing tasks.o(i.xTaskGenericNotifyFromISR), (264 bytes).
    Removing tasks.o(i.xTaskGetCurrentTaskHandle), (12 bytes).
    Removing tasks.o(i.xTaskGetTickCountFromISR), (12 bytes).
    Removing tasks.o(i.xTaskNotifyStateClear), (56 bytes).
    Removing tasks.o(i.xTaskNotifyWait), (144 bytes).
    Removing tasks.o(i.xTaskRemoveFromUnorderedEventList), (144 bytes).
    Removing tasks.o(i.xTaskResumeFromISR), (136 bytes).
    Removing timers.o(i.pcTimerGetName), (18 bytes).
    Removing timers.o(i.prvInitialiseNewTimer), (64 bytes).
    Removing timers.o(i.pvTimerGetTimerID), (30 bytes).
    Removing timers.o(i.vTimerSetTimerID), (30 bytes).
    Removing timers.o(i.xTimerCreate), (44 bytes).
    Removing timers.o(i.xTimerGetExpiryTime), (18 bytes).
    Removing timers.o(i.xTimerGetPeriod), (18 bytes).
    Removing timers.o(i.xTimerGetTimerDaemonTaskHandle), (36 bytes).
    Removing timers.o(i.xTimerIsTimerActive), (46 bytes).

77 unused section(s) (total 5028 bytes) removed from the image.

==============================================================================

Image Symbol Table

    Local Symbols

    Symbol Name                              Value     Ov Type        Size  Object(Section)

    RESET                                    0x00000000   Section      192  startup_mkw41z4.o(RESET)
    ../clib/angel/boardlib.s                 0x00000000   Number         0  boardinit2.o ABSOLUTE
    ../clib/angel/boardlib.s                 0x00000000   Number         0  boardinit1.o ABSOLUTE
    ../clib/angel/boardlib.s                 0x00000000   Number         0  boardshut.o ABSOLUTE
    ../clib/angel/boardlib.s                 0x00000000   Number         0  boardinit3.o ABSOLUTE
    ../clib/angel/handlers.s                 0x00000000   Number         0  __scatter_copy.o ABSOLUTE
    ../clib/angel/handlers.s                 0x00000000   Number         0  __scatter_zi.o ABSOLUTE
    ../clib/angel/kernel.s                   0x00000000   Number         0  __rtentry4.o ABSOLUTE
    ../clib/angel/kernel.s                   0x00000000   Number         0  __rtentry.o ABSOLUTE
    ../clib/angel/kernel.s                   0x00000000   Number         0  rtexit.o ABSOLUTE
    ../clib/angel/kernel.s                   0x00000000   Number         0  __rtentry2.o ABSOLUTE
    ../clib/angel/kernel.s                   0x00000000   Number         0  rtexit2.o ABSOLUTE
    ../clib/angel/rt.s                       0x00000000   Number         0  rt_div0.o ABSOLUTE
    ../clib/angel/rt.s                       0x00000000   Number         0  aeabi_idiv0.o ABSOLUTE
    ../clib/angel/rt.s                       0x00000000   Number         0  rt_raise.o ABSOLUTE
    ../clib/angel/rt.s                       0x00000000   Number         0  aeabi_idiv0_sigfpe.o ABSOLUTE
    ../clib/angel/scatterp.s                 0x00000000   Number         0  __scatter.o ABSOLUTE
    ../clib/angel/startup.s                  0x00000000   Number         0  __main.o ABSOLUTE
    ../clib/angel/sys.s                      0x00000000   Number         0  sys_stackheap_outer.o ABSOLUTE
    ../clib/angel/sys.s                      0x00000000   Number         0  indicate_semi.o ABSOLUTE
    ../clib/angel/sys.s                      0x00000000   Number         0  tempstk.o ABSOLUTE
    ../clib/angel/sys.s                      0x00000000   Number         0  use_no_semi.o ABSOLUTE
    ../clib/angel/sys.s                      0x00000000   Number         0  libspace.o ABSOLUTE
    ../clib/angel/sysapp.c                   0x00000000   Number         0  sys_wrch.o ABSOLUTE
    ../clib/angel/sysapp.c                   0x00000000   Number         0  sys_command.o ABSOLUTE
    ../clib/angel/sysapp.c                   0x00000000   Number         0  sys_exit.o ABSOLUTE
    ../clib/armsys.c                         0x00000000   Number         0  no_argv.o ABSOLUTE
    ../clib/armsys.c                         0x00000000   Number         0  argv_veneer.o ABSOLUTE
    ../clib/armsys.c                         0x00000000   Number         0  _get_argv_nomalloc.o ABSOLUTE
    ../clib/division.s                       0x00000000   Number         0  aeabi_sdiv_div0.o ABSOLUTE
    ../clib/division.s                       0x00000000   Number         0  aeabi_sdiv.o ABSOLUTE
    ../clib/heapalloc.c                      0x00000000   Number         0  hrguard.o ABSOLUTE
    ../clib/heapaux.c                        0x00000000   Number         0  heapauxi.o ABSOLUTE
    ../clib/libinit.s                        0x00000000   Number         0  libshutdown2.o ABSOLUTE
    ../clib/libinit.s                        0x00000000   Number         0  libshutdown.o ABSOLUTE
    ../clib/libinit.s                        0x00000000   Number         0  libinit.o ABSOLUTE
    ../clib/libinit.s                        0x00000000   Number         0  libinit2.o ABSOLUTE
    ../clib/memcpset.c                       0x00000000   Number         0  rt_memcpy.o ABSOLUTE
    ../clib/memcpset.c                       0x00000000   Number         0  rt_memcpy.o ABSOLUTE
    ../clib/signal.c                         0x00000000   Number         0  defsig_cppl_inner.o ABSOLUTE
    ../clib/signal.c                         0x00000000   Number         0  defsig_pvfn_inner.o ABSOLUTE
    ../clib/signal.c                         0x00000000   Number         0  defsig_stak_inner.o ABSOLUTE
    ../clib/signal.c                         0x00000000   Number         0  defsig_rtmem_formal.o ABSOLUTE
    ../clib/signal.c                         0x00000000   Number         0  defsig_rtmem_outer.o ABSOLUTE
    ../clib/signal.c                         0x00000000   Number         0  defsig_rtmem_inner.o ABSOLUTE
    ../clib/signal.c                         0x00000000   Number         0  defsig_rtred_inner.o ABSOLUTE
    ../clib/signal.c                         0x00000000   Number         0  defsig_abrt_inner.o ABSOLUTE
    ../clib/signal.c                         0x00000000   Number         0  defsig_fpe_formal.o ABSOLUTE
    ../clib/signal.c                         0x00000000   Number         0  defsig_exit.o ABSOLUTE
    ../clib/signal.c                         0x00000000   Number         0  defsig_fpe_inner.o ABSOLUTE
    ../clib/signal.c                         0x00000000   Number         0  __raise.o ABSOLUTE
    ../clib/signal.c                         0x00000000   Number         0  defsig_general.o ABSOLUTE
    ../clib/signal.c                         0x00000000   Number         0  defsig_fpe_outer.o ABSOLUTE
    ../clib/signal.c                         0x00000000   Number         0  defsig_other.o ABSOLUTE
    ../clib/signal.c                         0x00000000   Number         0  defsig_segv_inner.o ABSOLUTE
    ../clib/signal.s                         0x00000000   Number         0  defsig.o ABSOLUTE
    ../clib/stdlib.c                         0x00000000   Number         0  exit.o ABSOLUTE
    ../fplib/cfplib/fpinit.c                 0x00000000   Number         0  fpinit.o ABSOLUTE
    C:\Other\Kiel\ARM\PACK\ARM\CMSIS-FreeRTOS\9.1.0\CMSIS\RTOS2\FreeRTOS\Source\freertos_evr.c 0x00000000   Number         0  freertos_evr.o ABSOLUTE
    C:\Other\Kiel\ARM\PACK\ARM\CMSIS-FreeRTOS\9.1.0\Source\croutine.c 0x00000000   Number         0  croutine.o ABSOLUTE
    C:\Other\Kiel\ARM\PACK\ARM\CMSIS-FreeRTOS\9.1.0\Source\event_groups.c 0x00000000   Number         0  event_groups.o ABSOLUTE
    C:\Other\Kiel\ARM\PACK\ARM\CMSIS-FreeRTOS\9.1.0\Source\list.c 0x00000000   Number         0  list.o ABSOLUTE
    C:\Other\Kiel\ARM\PACK\ARM\CMSIS-FreeRTOS\9.1.0\Source\portable\MemMang\heap_4.c 0x00000000   Number         0  heap_4.o ABSOLUTE
    C:\Other\Kiel\ARM\PACK\ARM\CMSIS-FreeRTOS\9.1.0\Source\portable\RVDS\ARM_CM0\port.c 0x00000000   Number         0  port.o ABSOLUTE
    C:\Other\Kiel\ARM\PACK\ARM\CMSIS-FreeRTOS\9.1.0\Source\queue.c 0x00000000   Number         0  queue.o ABSOLUTE
    C:\Other\Kiel\ARM\PACK\ARM\CMSIS-FreeRTOS\9.1.0\Source\tasks.c 0x00000000   Number         0  tasks.o ABSOLUTE
    C:\Other\Kiel\ARM\PACK\ARM\CMSIS-FreeRTOS\9.1.0\Source\timers.c 0x00000000   Number         0  timers.o ABSOLUTE
    C:\Other\Kiel\ARM\PACK\Keil\Kinetis_KWxx_DFP\1.7.0\Boards\NXP\FRDM-KW41Z\Common\LED_FRDM-KW41Z.c 0x00000000   Number         0  led_frdm-kw41z.o ABSOLUTE
    C:\\Other\\Kiel\\ARM\\PACK\\ARM\\CMSIS-FreeRTOS\\9.1.0\\CMSIS\\RTOS2\\FreeRTOS\\Source\\freertos_evr.c 0x00000000   Number         0  freertos_evr.o ABSOLUTE
    C:\\Other\\Kiel\\ARM\\PACK\\ARM\\CMSIS-FreeRTOS\\9.1.0\\Source\\portable\\RVDS\\ARM_CM0\\port.c 0x00000000   Number         0  port.o ABSOLUTE
    C:\\Other\\Kiel\\ARM\\PACK\\Keil\\Kinetis_KWxx_DFP\\1.7.0\\Boards\\NXP\\FRDM-KW41Z\\Common\\LED_FRDM-KW41Z.c 0x00000000   Number         0  led_frdm-kw41z.o ABSOLUTE
    Flash.c                                  0x00000000   Number         0  flash.o ABSOLUTE
    Flash.c                                  0x00000000   Number         0  flash.o ABSOLUTE
    RTE\Device\MKW41Z512xxx4\startup_MKW41Z4.s 0x00000000   Number         0  startup_mkw41z4.o ABSOLUTE
    RTE\Device\MKW41Z512xxx4\system_MKW41Z4.c 0x00000000   Number         0  system_mkw41z4.o ABSOLUTE
    RTE\\Device\\MKW41Z512xxx4\\system_MKW41Z4.c 0x00000000   Number         0  system_mkw41z4.o ABSOLUTE
    dc.s                                     0x00000000   Number         0  dc.o ABSOLUTE
    !!!main                                  0x000000c0   Section        8  __main.o(!!!main)
    !!!scatter                               0x000000c8   Section       60  __scatter.o(!!!scatter)
    !!handler_copy                           0x00000104   Section       26  __scatter_copy.o(!!handler_copy)
    !!handler_zi                             0x00000120   Section       28  __scatter_zi.o(!!handler_zi)
    .ARM.Collect$$libinit$$00000000          0x0000013c   Section        2  libinit.o(.ARM.Collect$$libinit$$00000000)
    .ARM.Collect$$libinit$$00000002          0x0000013e   Section        0  libinit2.o(.ARM.Collect$$libinit$$00000002)
    .ARM.Collect$$libinit$$00000004          0x0000013e   Section        0  libinit2.o(.ARM.Collect$$libinit$$00000004)
    .ARM.Collect$$libinit$$0000000A          0x0000013e   Section        0  libinit2.o(.ARM.Collect$$libinit$$0000000A)
    .ARM.Collect$$libinit$$0000000C          0x0000013e   Section        0  libinit2.o(.ARM.Collect$$libinit$$0000000C)
    .ARM.Collect$$libinit$$0000000E          0x0000013e   Section        0  libinit2.o(.ARM.Collect$$libinit$$0000000E)
    .ARM.Collect$$libinit$$00000011          0x0000013e   Section        0  libinit2.o(.ARM.Collect$$libinit$$00000011)
    .ARM.Collect$$libinit$$00000013          0x0000013e   Section        0  libinit2.o(.ARM.Collect$$libinit$$00000013)
    .ARM.Collect$$libinit$$00000015          0x0000013e   Section        0  libinit2.o(.ARM.Collect$$libinit$$00000015)
    .ARM.Collect$$libinit$$00000017          0x0000013e   Section        0  libinit2.o(.ARM.Collect$$libinit$$00000017)
    .ARM.Collect$$libinit$$00000019          0x0000013e   Section        0  libinit2.o(.ARM.Collect$$libinit$$00000019)
    .ARM.Collect$$libinit$$0000001B          0x0000013e   Section        0  libinit2.o(.ARM.Collect$$libinit$$0000001B)
    .ARM.Collect$$libinit$$0000001D          0x0000013e   Section        0  libinit2.o(.ARM.Collect$$libinit$$0000001D)
    .ARM.Collect$$libinit$$0000001F          0x0000013e   Section        0  libinit2.o(.ARM.Collect$$libinit$$0000001F)
    .ARM.Collect$$libinit$$00000021          0x0000013e   Section        0  libinit2.o(.ARM.Collect$$libinit$$00000021)
    .ARM.Collect$$libinit$$00000023          0x0000013e   Section        0  libinit2.o(.ARM.Collect$$libinit$$00000023)
    .ARM.Collect$$libinit$$00000025          0x0000013e   Section        0  libinit2.o(.ARM.Collect$$libinit$$00000025)
    .ARM.Collect$$libinit$$0000002C          0x0000013e   Section        0  libinit2.o(.ARM.Collect$$libinit$$0000002C)
    .ARM.Collect$$libinit$$0000002E          0x0000013e   Section        0  libinit2.o(.ARM.Collect$$libinit$$0000002E)
    .ARM.Collect$$libinit$$00000030          0x0000013e   Section        0  libinit2.o(.ARM.Collect$$libinit$$00000030)
    .ARM.Collect$$libinit$$00000032          0x0000013e   Section        0  libinit2.o(.ARM.Collect$$libinit$$00000032)
    .ARM.Collect$$libinit$$00000033          0x0000013e   Section        2  libinit2.o(.ARM.Collect$$libinit$$00000033)
    .ARM.Collect$$libshutdown$$00000000      0x00000140   Section        2  libshutdown.o(.ARM.Collect$$libshutdown$$00000000)
    .ARM.Collect$$libshutdown$$00000002      0x00000142   Section        0  libshutdown2.o(.ARM.Collect$$libshutdown$$00000002)
    .ARM.Collect$$libshutdown$$00000004      0x00000142   Section        0  libshutdown2.o(.ARM.Collect$$libshutdown$$00000004)
    .ARM.Collect$$libshutdown$$00000007      0x00000142   Section        0  libshutdown2.o(.ARM.Collect$$libshutdown$$00000007)
    .ARM.Collect$$libshutdown$$0000000A      0x00000142   Section        0  libshutdown2.o(.ARM.Collect$$libshutdown$$0000000A)
    .ARM.Collect$$libshutdown$$0000000C      0x00000142   Section        0  libshutdown2.o(.ARM.Collect$$libshutdown$$0000000C)
    .ARM.Collect$$libshutdown$$0000000F      0x00000142   Section        0  libshutdown2.o(.ARM.Collect$$libshutdown$$0000000F)
    .ARM.Collect$$libshutdown$$00000010      0x00000142   Section        2  libshutdown2.o(.ARM.Collect$$libshutdown$$00000010)
    .ARM.Collect$$rtentry$$00000000          0x00000144   Section        0  __rtentry.o(.ARM.Collect$$rtentry$$00000000)
    .ARM.Collect$$rtentry$$00000002          0x00000144   Section        0  __rtentry2.o(.ARM.Collect$$rtentry$$00000002)
    .ARM.Collect$$rtentry$$00000004          0x00000144   Section        6  __rtentry4.o(.ARM.Collect$$rtentry$$00000004)
    .ARM.Collect$$rtentry$$00000009          0x0000014a   Section        0  __rtentry2.o(.ARM.Collect$$rtentry$$00000009)
    .ARM.Collect$$rtentry$$0000000A          0x0000014a   Section        4  __rtentry2.o(.ARM.Collect$$rtentry$$0000000A)
    .ARM.Collect$$rtentry$$0000000C          0x0000014e   Section        0  __rtentry2.o(.ARM.Collect$$rtentry$$0000000C)
    .ARM.Collect$$rtentry$$0000000D          0x0000014e   Section        8  __rtentry2.o(.ARM.Collect$$rtentry$$0000000D)
    .ARM.Collect$$rtexit$$00000000           0x00000156   Section        2  rtexit.o(.ARM.Collect$$rtexit$$00000000)
    .ARM.Collect$$rtexit$$00000002           0x00000158   Section        0  rtexit2.o(.ARM.Collect$$rtexit$$00000002)
    .ARM.Collect$$rtexit$$00000003           0x00000158   Section        4  rtexit2.o(.ARM.Collect$$rtexit$$00000003)
    .ARM.Collect$$rtexit$$00000004           0x0000015c   Section        6  rtexit2.o(.ARM.Collect$$rtexit$$00000004)
    .emb_text                                0x00000164   Section      120  port.o(.emb_text)
    .emb_text                                0x000001dc   Section       56  rt_memcpy.o(.emb_text)
    .text                                    0x00000214   Section      148  startup_mkw41z4.o(.text)
    .text                                    0x000002a8   Section        0  rt_memcpy.o(.text)
    .text                                    0x0000032a   Section        0  heapauxi.o(.text)
    .text                                    0x00000330   Section       62  sys_stackheap_outer.o(.text)
    .text                                    0x0000036e   Section        0  exit.o(.text)
    .text                                    0x00000380   Section        8  libspace.o(.text)
    .text                                    0x00000388   Section        0  sys_exit.o(.text)
    .text                                    0x00000394   Section        2  use_no_semi.o(.text)
    .text                                    0x00000396   Section        0  indicate_semi.o(.text)
    i.LED_Off                                0x00000398   Section        0  led_frdm-kw41z.o(i.LED_Off)
    i.LED_On                                 0x000003bc   Section        0  led_frdm-kw41z.o(i.LED_On)
    i.SVC_Handler                            0x000003e0   Section        0  port.o(i.SVC_Handler)
    i.SystemInit                             0x000003e4   Section        0  system_mkw41z4.o(i.SystemInit)
    i.vListInitialiseItem                    0x000003f0   Section        0  list.o(i.vListInitialiseItem)
    .ARM.__at_0x400                          0x00000400   Section       16  startup_mkw41z4.o(.ARM.__at_0x400)
    .text                                    0x00000410   Section      346  aeabi_sdiv.o(.text)
    i.LED_Initialize                         0x0000056c   Section        0  led_frdm-kw41z.o(i.LED_Initialize)
    i.SysTick_Handler                        0x00000610   Section        0  port.o(i.SysTick_Handler)
    i.SystemCoreClockUpdate                  0x00000634   Section        0  system_mkw41z4.o(i.SystemCoreClockUpdate)
    i.__ARM_common_switch8                   0x000007c0   Section        0  system_mkw41z4.o(i.__ARM_common_switch8)
    i.main                                   0x000007dc   Section        0  flash.o(i.main)
    i.prvAddCurrentTaskToDelayedList         0x00000884   Section        0  tasks.o(i.prvAddCurrentTaskToDelayedList)
    prvAddCurrentTaskToDelayedList           0x00000885   Thumb Code   100  tasks.o(i.prvAddCurrentTaskToDelayedList)
    i.prvAddNewTaskToReadyList               0x00000900   Section        0  tasks.o(i.prvAddNewTaskToReadyList)
    prvAddNewTaskToReadyList                 0x00000901   Thumb Code   140  tasks.o(i.prvAddNewTaskToReadyList)
    i.prvCheckForValidListAndQueue           0x000009a4   Section        0  timers.o(i.prvCheckForValidListAndQueue)
    prvCheckForValidListAndQueue             0x000009a5   Thumb Code    58  timers.o(i.prvCheckForValidListAndQueue)
    i.prvCheckTasksWaitingTermination        0x000009f4   Section        0  tasks.o(i.prvCheckTasksWaitingTermination)
    prvCheckTasksWaitingTermination          0x000009f5   Thumb Code    90  tasks.o(i.prvCheckTasksWaitingTermination)
    i.prvCopyDataFromQueue                   0x00000a5c   Section        0  queue.o(i.prvCopyDataFromQueue)
    prvCopyDataFromQueue                     0x00000a5d   Thumb Code    44  queue.o(i.prvCopyDataFromQueue)
    i.prvCopyDataToQueue                     0x00000a88   Section        0  queue.o(i.prvCopyDataToQueue)
    prvCopyDataToQueue                       0x00000a89   Thumb Code   128  queue.o(i.prvCopyDataToQueue)
    i.prvDeleteTCB                           0x00000b08   Section        0  tasks.o(i.prvDeleteTCB)
    prvDeleteTCB                             0x00000b09   Thumb Code    18  tasks.o(i.prvDeleteTCB)
    i.prvGetNextExpireTime                   0x00000b1c   Section        0  timers.o(i.prvGetNextExpireTime)
    prvGetNextExpireTime                     0x00000b1d   Thumb Code    40  timers.o(i.prvGetNextExpireTime)
    i.prvHeapInit                            0x00000b48   Section        0  heap_4.o(i.prvHeapInit)
    prvHeapInit                              0x00000b49   Thumb Code   100  heap_4.o(i.prvHeapInit)
    i.prvIdleTask                            0x00000bc4   Section        0  tasks.o(i.prvIdleTask)
    prvIdleTask                              0x00000bc5   Thumb Code    20  tasks.o(i.prvIdleTask)
    i.prvInitialiseNewQueue                  0x00000bdc   Section        0  queue.o(i.prvInitialiseNewQueue)
    prvInitialiseNewQueue                    0x00000bdd   Thumb Code    38  queue.o(i.prvInitialiseNewQueue)
    i.prvInitialiseNewTask                   0x00000c02   Section        0  tasks.o(i.prvInitialiseNewTask)
    prvInitialiseNewTask                     0x00000c03   Thumb Code   164  tasks.o(i.prvInitialiseNewTask)
    i.prvInitialiseTaskLists                 0x00000ca8   Section        0  tasks.o(i.prvInitialiseTaskLists)
    prvInitialiseTaskLists                   0x00000ca9   Thumb Code    68  tasks.o(i.prvInitialiseTaskLists)
    i.prvInsertBlockIntoFreeList             0x00000d0c   Section        0  heap_4.o(i.prvInsertBlockIntoFreeList)
    prvInsertBlockIntoFreeList               0x00000d0d   Thumb Code    96  heap_4.o(i.prvInsertBlockIntoFreeList)
    i.prvInsertTimerInActiveList             0x00000d74   Section        0  timers.o(i.prvInsertTimerInActiveList)
    prvInsertTimerInActiveList               0x00000d75   Thumb Code    76  timers.o(i.prvInsertTimerInActiveList)
    i.prvIsQueueEmpty                        0x00000dc8   Section        0  queue.o(i.prvIsQueueEmpty)
    prvIsQueueEmpty                          0x00000dc9   Thumb Code    28  queue.o(i.prvIsQueueEmpty)
    i.prvIsQueueFull                         0x00000de4   Section        0  queue.o(i.prvIsQueueFull)
    prvIsQueueFull                           0x00000de5   Thumb Code    30  queue.o(i.prvIsQueueFull)
    i.prvNotifyQueueSetContainer             0x00000e02   Section        0  queue.o(i.prvNotifyQueueSetContainer)
    prvNotifyQueueSetContainer               0x00000e03   Thumb Code   122  queue.o(i.prvNotifyQueueSetContainer)
    i.prvProcessExpiredTimer                 0x00000e7c   Section        0  timers.o(i.prvProcessExpiredTimer)
    prvProcessExpiredTimer                   0x00000e7d   Thumb Code    82  timers.o(i.prvProcessExpiredTimer)
    i.prvProcessReceivedCommands             0x00000ed4   Section        0  timers.o(i.prvProcessReceivedCommands)
    prvProcessReceivedCommands               0x00000ed5   Thumb Code   222  timers.o(i.prvProcessReceivedCommands)
    i.prvProcessTimerOrBlockTask             0x00000fb8   Section        0  timers.o(i.prvProcessTimerOrBlockTask)
    prvProcessTimerOrBlockTask               0x00000fb9   Thumb Code   100  timers.o(i.prvProcessTimerOrBlockTask)
    i.prvResetNextTaskUnblockTime            0x00001024   Section        0  tasks.o(i.prvResetNextTaskUnblockTime)
    prvResetNextTaskUnblockTime              0x00001025   Thumb Code    46  tasks.o(i.prvResetNextTaskUnblockTime)
    i.prvSampleTimeNow                       0x0000105c   Section        0  timers.o(i.prvSampleTimeNow)
    prvSampleTimeNow                         0x0000105d   Thumb Code    40  timers.o(i.prvSampleTimeNow)
    i.prvSetupTimerInterrupt                 0x00001088   Section        0  port.o(i.prvSetupTimerInterrupt)
    prvSetupTimerInterrupt                   0x00001089   Thumb Code    26  port.o(i.prvSetupTimerInterrupt)
    i.prvSwitchTimerLists                    0x000010ac   Section        0  timers.o(i.prvSwitchTimerLists)
    prvSwitchTimerLists                      0x000010ad   Thumb Code   134  timers.o(i.prvSwitchTimerLists)
    i.prvTaskExitError                       0x0000113c   Section        0  port.o(i.prvTaskExitError)
    prvTaskExitError                         0x0000113d   Thumb Code    32  port.o(i.prvTaskExitError)
    i.prvTimerTask                           0x00001160   Section        0  timers.o(i.prvTimerTask)
    prvTimerTask                             0x00001161   Thumb Code    26  timers.o(i.prvTimerTask)
    i.prvUnlockQueue                         0x0000117a   Section        0  queue.o(i.prvUnlockQueue)
    prvUnlockQueue                           0x0000117b   Thumb Code   166  queue.o(i.prvUnlockQueue)
    i.pvPortMalloc                           0x00001220   Section        0  heap_4.o(i.pvPortMalloc)
    i.pvTaskIncrementMutexHeldCount          0x0000133c   Section        0  tasks.o(i.pvTaskIncrementMutexHeldCount)
    i.pxPortInitialiseStack                  0x0000135c   Section        0  port.o(i.pxPortInitialiseStack)
    i.toggleLed0                             0x0000137c   Section        0  flash.o(i.toggleLed0)
    i.toggleLed1                             0x00001398   Section        0  flash.o(i.toggleLed1)
    i.toggleLed2                             0x000013b4   Section        0  flash.o(i.toggleLed2)
    i.toggleLed3                             0x000013d4   Section        0  flash.o(i.toggleLed3)
    i.uxListRemove                           0x000013f4   Section        0  list.o(i.uxListRemove)
    i.vListInitialise                        0x0000141c   Section        0  list.o(i.vListInitialise)
    i.vListInsert                            0x00001436   Section        0  list.o(i.vListInsert)
    i.vListInsertEnd                         0x0000146c   Section        0  list.o(i.vListInsertEnd)
    i.vPortEnterCritical                     0x00001484   Section        0  port.o(i.vPortEnterCritical)
    i.vPortExitCritical                      0x000014a0   Section        0  port.o(i.vPortExitCritical)
    i.vPortFree                              0x000014c8   Section        0  heap_4.o(i.vPortFree)
    i.vPortYield                             0x00001548   Section        0  port.o(i.vPortYield)
    i.vQueueWaitForMessageRestricted         0x00001560   Section        0  queue.o(i.vQueueWaitForMessageRestricted)
    i.vTaskDelay                             0x000015ac   Section        0  tasks.o(i.vTaskDelay)
    i.vTaskMissedYield                       0x000015f0   Section        0  tasks.o(i.vTaskMissedYield)
    i.vTaskPlaceOnEventList                  0x000015fc   Section        0  tasks.o(i.vTaskPlaceOnEventList)
    i.vTaskPlaceOnEventListRestricted        0x00001628   Section        0  tasks.o(i.vTaskPlaceOnEventListRestricted)
    i.vTaskPriorityInherit                   0x0000165c   Section        0  tasks.o(i.vTaskPriorityInherit)
    i.vTaskSetTimeOutState                   0x000016e8   Section        0  tasks.o(i.vTaskSetTimeOutState)
    i.vTaskStartScheduler                    0x00001708   Section        0  tasks.o(i.vTaskStartScheduler)
    i.vTaskSuspendAll                        0x00001780   Section        0  tasks.o(i.vTaskSuspendAll)
    i.vTaskSwitchContext                     0x00001790   Section        0  tasks.o(i.vTaskSwitchContext)
    i.xPortStartScheduler                    0x00001810   Section        0  port.o(i.xPortStartScheduler)
    i.xQueueGenericCreate                    0x00001848   Section        0  queue.o(i.xQueueGenericCreate)
    i.xQueueGenericReceive                   0x00001898   Section        0  queue.o(i.xQueueGenericReceive)
    i.xQueueGenericReset                     0x00001a24   Section        0  queue.o(i.xQueueGenericReset)
    i.xQueueGenericSend                      0x00001aa6   Section        0  queue.o(i.xQueueGenericSend)
    i.xQueueGenericSendFromISR               0x00001c18   Section        0  queue.o(i.xQueueGenericSendFromISR)
    i.xTaskCheckForTimeOut                   0x00001cf0   Section        0  tasks.o(i.xTaskCheckForTimeOut)
    i.xTaskCreate                            0x00001d64   Section        0  tasks.o(i.xTaskCreate)
    i.xTaskGetSchedulerState                 0x00001dc0   Section        0  tasks.o(i.xTaskGetSchedulerState)
    i.xTaskGetTickCount                      0x00001de4   Section        0  tasks.o(i.xTaskGetTickCount)
    i.xTaskIncrementTick                     0x00001df0   Section        0  tasks.o(i.xTaskIncrementTick)
    i.xTaskPriorityDisinherit                0x00001f2c   Section        0  tasks.o(i.xTaskPriorityDisinherit)
    i.xTaskRemoveFromEventList               0x00001fb4   Section        0  tasks.o(i.xTaskRemoveFromEventList)
    i.xTaskResumeAll                         0x0000203c   Section        0  tasks.o(i.xTaskResumeAll)
    i.xTimerCreateTimerTask                  0x0000212c   Section        0  timers.o(i.xTimerCreateTimerTask)
    i.xTimerGenericCommand                   0x00002178   Section        0  timers.o(i.xTimerGenericCommand)
    .constdata                               0x000021ec   Section       48  led_frdm-kw41z.o(.constdata)
    .data                                    0x1fff8000   Section        4  system_mkw41z4.o(.data)
    .data                                    0x1fff8004   Section       24  heap_4.o(.data)
    xStart                                   0x1fff8004   Data           8  heap_4.o(.data)
    pxEnd                                    0x1fff800c   Data           4  heap_4.o(.data)
    xFreeBytesRemaining                      0x1fff8010   Data           4  heap_4.o(.data)
    xMinimumEverFreeBytesRemaining           0x1fff8014   Data           4  heap_4.o(.data)
    xBlockAllocatedBit                       0x1fff8018   Data           4  heap_4.o(.data)
    .data                                    0x1fff801c   Section        4  port.o(.data)
    uxCriticalNesting                        0x1fff801c   Data           4  port.o(.data)
    .data                                    0x1fff8020   Section       60  tasks.o(.data)
    pxDelayedTaskList                        0x1fff8024   Data           4  tasks.o(.data)
    pxOverflowDelayedTaskList                0x1fff8028   Data           4  tasks.o(.data)
    uxDeletedTasksWaitingCleanUp             0x1fff802c   Data           4  tasks.o(.data)
    uxCurrentNumberOfTasks                   0x1fff8030   Data           4  tasks.o(.data)
    xTickCount                               0x1fff8034   Data           4  tasks.o(.data)
    uxTopReadyPriority                       0x1fff8038   Data           4  tasks.o(.data)
    xSchedulerRunning                        0x1fff803c   Data           4  tasks.o(.data)
    uxPendedTicks                            0x1fff8040   Data           4  tasks.o(.data)
    xYieldPending                            0x1fff8044   Data           4  tasks.o(.data)
    xNumOfOverflows                          0x1fff8048   Data           4  tasks.o(.data)
    uxTaskNumber                             0x1fff804c   Data           4  tasks.o(.data)
    xNextTaskUnblockTime                     0x1fff8050   Data           4  tasks.o(.data)
    xIdleTaskHandle                          0x1fff8054   Data           4  tasks.o(.data)
    uxSchedulerSuspended                     0x1fff8058   Data           4  tasks.o(.data)
    .data                                    0x1fff805c   Section       20  timers.o(.data)
    pxCurrentTimerList                       0x1fff805c   Data           4  timers.o(.data)
    pxOverflowTimerList                      0x1fff8060   Data           4  timers.o(.data)
    xTimerQueue                              0x1fff8064   Data           4  timers.o(.data)
    xTimerTaskHandle                         0x1fff8068   Data           4  timers.o(.data)
    xLastTime                                0x1fff806c   Data           4  timers.o(.data)
    .bss                                     0x1fff8070   Section     4096  heap_4.o(.bss)
    ucHeap                                   0x1fff8070   Data        4096  heap_4.o(.bss)
    .bss                                     0x1fff9070   Section      200  tasks.o(.bss)
    pxReadyTasksLists                        0x1fff9070   Data         100  tasks.o(.bss)
    xDelayedTaskList1                        0x1fff90d4   Data          20  tasks.o(.bss)
    xDelayedTaskList2                        0x1fff90e8   Data          20  tasks.o(.bss)
    xPendingReadyList                        0x1fff90fc   Data          20  tasks.o(.bss)
    xTasksWaitingTermination                 0x1fff9110   Data          20  tasks.o(.bss)
    xSuspendedTaskList                       0x1fff9124   Data          20  tasks.o(.bss)
    .bss                                     0x1fff9138   Section       40  timers.o(.bss)
    xActiveTimerList1                        0x1fff9138   Data          20  timers.o(.bss)
    xActiveTimerList2                        0x1fff914c   Data          20  timers.o(.bss)
    .bss                                     0x1fff9160   Section       96  libspace.o(.bss)
    HEAP                                     0x1fff91c0   Section        0  startup_mkw41z4.o(HEAP)
    STACK                                    0x1fff91c0   Section     1024  startup_mkw41z4.o(STACK)
    Heap_Mem                                 0x1fff91c0   Data           0  startup_mkw41z4.o(HEAP)
    Stack_Mem                                0x1fff91c0   Data        1024  startup_mkw41z4.o(STACK)
    __initial_sp                             0x1fff95c0   Data           0  startup_mkw41z4.o(STACK)

    Global Symbols

    Symbol Name                              Value     Ov Type        Size  Object(Section)

    BuildAttributes$$THM_ISAv3M$S$PE$A:L22$X:L11$S22$IEEE1$IW$USESV6$~STKCKD$USESV7$~SHL$OSPACE$ROPI$EBA8$UX$STANDARDLIB$REQ8$PRES8$EABIv2 0x00000000   Number         0  anon$$obj.o ABSOLUTE
    __ARM_use_no_argv                        0x00000000   Number         0  flash.o ABSOLUTE
    __Vectors                                0x00000000   Data           4  startup_mkw41z4.o(RESET)
    __ARM_exceptions_init                     - Undefined Weak Reference
    __alloca_initialize                       - Undefined Weak Reference
    __arm_preinit_                            - Undefined Weak Reference
    __cpp_initialize__aeabi_                  - Undefined Weak Reference
    __cxa_finalize                            - Undefined Weak Reference
    __rt_locale                               - Undefined Weak Reference
    __sigvec_lookup                           - Undefined Weak Reference
    _atexit_init                              - Undefined Weak Reference
    _call_atexit_fns                          - Undefined Weak Reference
    _clock_init                               - Undefined Weak Reference
    _fp_trap_init                             - Undefined Weak Reference
    _fp_trap_shutdown                         - Undefined Weak Reference
    _get_lc_collate                           - Undefined Weak Reference
    _get_lc_ctype                             - Undefined Weak Reference
    _get_lc_monetary                          - Undefined Weak Reference
    _get_lc_numeric                           - Undefined Weak Reference
    _get_lc_time                              - Undefined Weak Reference
    _getenv_init                              - Undefined Weak Reference
    _handle_redirection                       - Undefined Weak Reference
    _init_alloc                               - Undefined Weak Reference
    _init_user_alloc                          - Undefined Weak Reference
    _initio                                   - Undefined Weak Reference
    _rand_init                                - Undefined Weak Reference
    _signal_finish                            - Undefined Weak Reference
    _signal_init                              - Undefined Weak Reference
    _terminate_alloc                          - Undefined Weak Reference
    _terminate_user_alloc                     - Undefined Weak Reference
    _terminateio                              - Undefined Weak Reference
    __Vectors_End                            0x000000c0   Data           0  startup_mkw41z4.o(RESET)
    __Vectors_Size                           0x000000c0   Number         0  startup_mkw41z4.o ABSOLUTE
    __main                                   0x000000c1   Thumb Code     8  __main.o(!!!main)
    __scatterload                            0x000000c9   Thumb Code     0  __scatter.o(!!!scatter)
    __scatterload_rt2                        0x000000c9   Thumb Code    52  __scatter.o(!!!scatter)
    __scatterload_rt2_thumb_only             0x000000c9   Thumb Code     0  __scatter.o(!!!scatter)
    __scatterload_null                       0x000000d9   Thumb Code     0  __scatter.o(!!!scatter)
    __scatterload_copy                       0x00000105   Thumb Code    26  __scatter_copy.o(!!handler_copy)
    __scatterload_zeroinit                   0x00000121   Thumb Code    28  __scatter_zi.o(!!handler_zi)
    __rt_lib_init                            0x0000013d   Thumb Code     0  libinit.o(.ARM.Collect$$libinit$$00000000)
    __rt_lib_init_alloca_1                   0x0000013f   Thumb Code     0  libinit2.o(.ARM.Collect$$libinit$$0000002E)
    __rt_lib_init_argv_1                     0x0000013f   Thumb Code     0  libinit2.o(.ARM.Collect$$libinit$$0000002C)
    __rt_lib_init_atexit_1                   0x0000013f   Thumb Code     0  libinit2.o(.ARM.Collect$$libinit$$0000001B)
    __rt_lib_init_clock_1                    0x0000013f   Thumb Code     0  libinit2.o(.ARM.Collect$$libinit$$00000021)
    __rt_lib_init_cpp_1                      0x0000013f   Thumb Code     0  libinit2.o(.ARM.Collect$$libinit$$00000032)
    __rt_lib_init_exceptions_1               0x0000013f   Thumb Code     0  libinit2.o(.ARM.Collect$$libinit$$00000030)
    __rt_lib_init_fp_1                       0x0000013f   Thumb Code     0  libinit2.o(.ARM.Collect$$libinit$$00000002)
    __rt_lib_init_fp_trap_1                  0x0000013f   Thumb Code     0  libinit2.o(.ARM.Collect$$libinit$$0000001F)
    __rt_lib_init_getenv_1                   0x0000013f   Thumb Code     0  libinit2.o(.ARM.Collect$$libinit$$00000023)
    __rt_lib_init_heap_1                     0x0000013f   Thumb Code     0  libinit2.o(.ARM.Collect$$libinit$$0000000A)
    __rt_lib_init_lc_collate_1               0x0000013f   Thumb Code     0  libinit2.o(.ARM.Collect$$libinit$$00000011)
    __rt_lib_init_lc_ctype_1                 0x0000013f   Thumb Code     0  libinit2.o(.ARM.Collect$$libinit$$00000013)
    __rt_lib_init_lc_monetary_1              0x0000013f   Thumb Code     0  libinit2.o(.ARM.Collect$$libinit$$00000015)
    __rt_lib_init_lc_numeric_1               0x0000013f   Thumb Code     0  libinit2.o(.ARM.Collect$$libinit$$00000017)
    __rt_lib_init_lc_time_1                  0x0000013f   Thumb Code     0  libinit2.o(.ARM.Collect$$libinit$$00000019)
    __rt_lib_init_preinit_1                  0x0000013f   Thumb Code     0  libinit2.o(.ARM.Collect$$libinit$$00000004)
    __rt_lib_init_rand_1                     0x0000013f   Thumb Code     0  libinit2.o(.ARM.Collect$$libinit$$0000000E)
    __rt_lib_init_return                     0x0000013f   Thumb Code     0  libinit2.o(.ARM.Collect$$libinit$$00000033)
    __rt_lib_init_signal_1                   0x0000013f   Thumb Code     0  libinit2.o(.ARM.Collect$$libinit$$0000001D)
    __rt_lib_init_stdio_1                    0x0000013f   Thumb Code     0  libinit2.o(.ARM.Collect$$libinit$$00000025)
    __rt_lib_init_user_alloc_1               0x0000013f   Thumb Code     0  libinit2.o(.ARM.Collect$$libinit$$0000000C)
    __rt_lib_shutdown                        0x00000141   Thumb Code     0  libshutdown.o(.ARM.Collect$$libshutdown$$00000000)
    __rt_lib_shutdown_cpp_1                  0x00000143   Thumb Code     0  libshutdown2.o(.ARM.Collect$$libshutdown$$00000002)
    __rt_lib_shutdown_fp_trap_1              0x00000143   Thumb Code     0  libshutdown2.o(.ARM.Collect$$libshutdown$$00000007)
    __rt_lib_shutdown_heap_1                 0x00000143   Thumb Code     0  libshutdown2.o(.ARM.Collect$$libshutdown$$0000000F)
    __rt_lib_shutdown_return                 0x00000143   Thumb Code     0  libshutdown2.o(.ARM.Collect$$libshutdown$$00000010)
    __rt_lib_shutdown_signal_1               0x00000143   Thumb Code     0  libshutdown2.o(.ARM.Collect$$libshutdown$$0000000A)
    __rt_lib_shutdown_stdio_1                0x00000143   Thumb Code     0  libshutdown2.o(.ARM.Collect$$libshutdown$$00000004)
    __rt_lib_shutdown_user_alloc_1           0x00000143   Thumb Code     0  libshutdown2.o(.ARM.Collect$$libshutdown$$0000000C)
    __rt_entry                               0x00000145   Thumb Code     0  __rtentry.o(.ARM.Collect$$rtentry$$00000000)
    __rt_entry_presh_1                       0x00000145   Thumb Code     0  __rtentry2.o(.ARM.Collect$$rtentry$$00000002)
    __rt_entry_sh                            0x00000145   Thumb Code     0  __rtentry4.o(.ARM.Collect$$rtentry$$00000004)
    __rt_entry_li                            0x0000014b   Thumb Code     0  __rtentry2.o(.ARM.Collect$$rtentry$$0000000A)
    __rt_entry_postsh_1                      0x0000014b   Thumb Code     0  __rtentry2.o(.ARM.Collect$$rtentry$$00000009)
    __rt_entry_main                          0x0000014f   Thumb Code     0  __rtentry2.o(.ARM.Collect$$rtentry$$0000000D)
    __rt_entry_postli_1                      0x0000014f   Thumb Code     0  __rtentry2.o(.ARM.Collect$$rtentry$$0000000C)
    __rt_exit                                0x00000157   Thumb Code     0  rtexit.o(.ARM.Collect$$rtexit$$00000000)
    __rt_exit_ls                             0x00000159   Thumb Code     0  rtexit2.o(.ARM.Collect$$rtexit$$00000003)
    __rt_exit_prels_1                        0x00000159   Thumb Code     0  rtexit2.o(.ARM.Collect$$rtexit$$00000002)
    __rt_exit_exit                           0x0000015d   Thumb Code     0  rtexit2.o(.ARM.Collect$$rtexit$$00000004)
    __asm___6_port_c_39a90d8d__prvPortStartFirstTask 0x00000165   Thumb Code    36  port.o(.emb_text)
    ulSetInterruptMaskFromISR                0x0000018d   Thumb Code     8  port.o(.emb_text)
    vClearInterruptMaskFromISR               0x00000195   Thumb Code     6  port.o(.emb_text)
    PendSV_Handler                           0x0000019b   Thumb Code    62  port.o(.emb_text)
    __aeabi_memcpy4                          0x000001dd   Thumb Code    56  rt_memcpy.o(.emb_text)
    __aeabi_memcpy8                          0x000001dd   Thumb Code     0  rt_memcpy.o(.emb_text)
    Reset_Handler                            0x00000215   Thumb Code    18  startup_mkw41z4.o(.text)
    NMI_Handler                              0x00000227   Thumb Code     2  startup_mkw41z4.o(.text)
    HardFault_Handler                        0x00000229   Thumb Code     2  startup_mkw41z4.o(.text)
    DMA0_IRQHandler                          0x00000231   Thumb Code     4  startup_mkw41z4.o(.text)
    DMA1_IRQHandler                          0x00000235   Thumb Code     4  startup_mkw41z4.o(.text)
    DMA2_IRQHandler                          0x00000239   Thumb Code     4  startup_mkw41z4.o(.text)
    DMA3_IRQHandler                          0x0000023d   Thumb Code     4  startup_mkw41z4.o(.text)
    I2C0_IRQHandler                          0x00000241   Thumb Code     4  startup_mkw41z4.o(.text)
    I2C1_IRQHandler                          0x00000245   Thumb Code     4  startup_mkw41z4.o(.text)
    SPI0_IRQHandler                          0x00000249   Thumb Code     4  startup_mkw41z4.o(.text)
    LPUART0_IRQHandler                       0x0000024d   Thumb Code     4  startup_mkw41z4.o(.text)
    SPI1_IRQHandler                          0x00000251   Thumb Code     4  startup_mkw41z4.o(.text)
    ADC0_IRQHandler                          0x00000255   Thumb Code     0  startup_mkw41z4.o(.text)
    CMP0_IRQHandler                          0x00000255   Thumb Code     0  startup_mkw41z4.o(.text)
    CMT_IRQHandler                           0x00000255   Thumb Code     0  startup_mkw41z4.o(.text)
    DAC0_IRQHandler                          0x00000255   Thumb Code     0  startup_mkw41z4.o(.text)
    DMA0_DriverIRQHandler                    0x00000255   Thumb Code     0  startup_mkw41z4.o(.text)
    DMA1_DriverIRQHandler                    0x00000255   Thumb Code     0  startup_mkw41z4.o(.text)
    DMA2_DriverIRQHandler                    0x00000255   Thumb Code     0  startup_mkw41z4.o(.text)
    DMA3_DriverIRQHandler                    0x00000255   Thumb Code     0  startup_mkw41z4.o(.text)
    DefaultISR                               0x00000255   Thumb Code     0  startup_mkw41z4.o(.text)
    FTFA_IRQHandler                          0x00000255   Thumb Code     0  startup_mkw41z4.o(.text)
    I2C0_DriverIRQHandler                    0x00000255   Thumb Code     0  startup_mkw41z4.o(.text)
    I2C1_DriverIRQHandler                    0x00000255   Thumb Code     0  startup_mkw41z4.o(.text)
    LLWU_IRQHandler                          0x00000255   Thumb Code     0  startup_mkw41z4.o(.text)
    LPTMR0_IRQHandler                        0x00000255   Thumb Code     0  startup_mkw41z4.o(.text)
    LPUART0_DriverIRQHandler                 0x00000255   Thumb Code     0  startup_mkw41z4.o(.text)
    LTC0_IRQHandler                          0x00000255   Thumb Code     0  startup_mkw41z4.o(.text)
    LVD_LVW_DCDC_IRQHandler                  0x00000255   Thumb Code     0  startup_mkw41z4.o(.text)
    MCG_IRQHandler                           0x00000255   Thumb Code     0  startup_mkw41z4.o(.text)
    PIT_IRQHandler                           0x00000255   Thumb Code     0  startup_mkw41z4.o(.text)
    PORTA_IRQHandler                         0x00000255   Thumb Code     0  startup_mkw41z4.o(.text)
    PORTB_PORTC_IRQHandler                   0x00000255   Thumb Code     0  startup_mkw41z4.o(.text)
    RTC_IRQHandler                           0x00000255   Thumb Code     0  startup_mkw41z4.o(.text)
    RTC_Seconds_IRQHandler                   0x00000255   Thumb Code     0  startup_mkw41z4.o(.text)
    Radio_0_IRQHandler                       0x00000255   Thumb Code     0  startup_mkw41z4.o(.text)
    Radio_1_IRQHandler                       0x00000255   Thumb Code     0  startup_mkw41z4.o(.text)
    Reserved20_IRQHandler                    0x00000255   Thumb Code     0  startup_mkw41z4.o(.text)
    SPI0_DriverIRQHandler                    0x00000255   Thumb Code     0  startup_mkw41z4.o(.text)
    SPI1_DriverIRQHandler                    0x00000255   Thumb Code     0  startup_mkw41z4.o(.text)
    TPM0_IRQHandler                          0x00000255   Thumb Code     0  startup_mkw41z4.o(.text)
    TPM1_IRQHandler                          0x00000255   Thumb Code     0  startup_mkw41z4.o(.text)
    TPM2_IRQHandler                          0x00000255   Thumb Code     0  startup_mkw41z4.o(.text)
    TRNG0_IRQHandler                         0x00000255   Thumb Code     0  startup_mkw41z4.o(.text)
    TSI0_IRQHandler                          0x00000255   Thumb Code     0  startup_mkw41z4.o(.text)
    __user_initial_stackheap                 0x00000259   Thumb Code     0  startup_mkw41z4.o(.text)
    __aeabi_memcpy                           0x000002a9   Thumb Code   130  rt_memcpy.o(.text)
    __rt_memcpy                              0x000002a9   Thumb Code     0  rt_memcpy.o(.text)
    __use_two_region_memory                  0x0000032b   Thumb Code     2  heapauxi.o(.text)
    __rt_heap_escrow$2region                 0x0000032d   Thumb Code     2  heapauxi.o(.text)
    __rt_heap_expand$2region                 0x0000032f   Thumb Code     2  heapauxi.o(.text)
    __user_setup_stackheap                   0x00000331   Thumb Code    62  sys_stackheap_outer.o(.text)
    exit                                     0x0000036f   Thumb Code    16  exit.o(.text)
    __user_libspace                          0x00000381   Thumb Code     8  libspace.o(.text)
    __user_perproc_libspace                  0x00000381   Thumb Code     0  libspace.o(.text)
    __user_perthread_libspace                0x00000381   Thumb Code     0  libspace.o(.text)
    _sys_exit                                0x00000389   Thumb Code     8  sys_exit.o(.text)
    __I$use$semihosting                      0x00000395   Thumb Code     0  use_no_semi.o(.text)
    __use_no_semihosting_swi                 0x00000395   Thumb Code     2  use_no_semi.o(.text)
    __semihosting_library_function           0x00000397   Thumb Code     0  indicate_semi.o(.text)
    LED_Off                                  0x00000399   Thumb Code    28  led_frdm-kw41z.o(i.LED_Off)
    LED_On                                   0x000003bd   Thumb Code    28  led_frdm-kw41z.o(i.LED_On)
    SVC_Handler                              0x000003e1   Thumb Code     2  port.o(i.SVC_Handler)
    SystemInit                               0x000003e5   Thumb Code     8  system_mkw41z4.o(i.SystemInit)
    vListInitialiseItem                      0x000003f1   Thumb Code     6  list.o(i.vListInitialiseItem)
    __aeabi_uidiv                            0x00000411   Thumb Code     0  aeabi_sdiv.o(.text)
    __aeabi_uidivmod                         0x00000411   Thumb Code    20  aeabi_sdiv.o(.text)
    __aeabi_idiv                             0x00000425   Thumb Code     0  aeabi_sdiv.o(.text)
    __aeabi_idivmod                          0x00000425   Thumb Code   326  aeabi_sdiv.o(.text)
    LED_Initialize                           0x0000056d   Thumb Code   148  led_frdm-kw41z.o(i.LED_Initialize)
    SysTick_Handler                          0x00000611   Thumb Code    32  port.o(i.SysTick_Handler)
    SystemCoreClockUpdate                    0x00000635   Thumb Code   366  system_mkw41z4.o(i.SystemCoreClockUpdate)
    __ARM_common_switch8                     0x000007c1   Thumb Code    28  system_mkw41z4.o(i.__ARM_common_switch8)
    main                                     0x000007dd   Thumb Code   102  flash.o(i.main)
    pvPortMalloc                             0x00001221   Thumb Code   264  heap_4.o(i.pvPortMalloc)
    pvTaskIncrementMutexHeldCount            0x0000133d   Thumb Code    28  tasks.o(i.pvTaskIncrementMutexHeldCount)
    pxPortInitialiseStack                    0x0000135d   Thumb Code    26  port.o(i.pxPortInitialiseStack)
    toggleLed0                               0x0000137d   Thumb Code    28  flash.o(i.toggleLed0)
    toggleLed1                               0x00001399   Thumb Code    28  flash.o(i.toggleLed1)
    toggleLed2                               0x000013b5   Thumb Code    32  flash.o(i.toggleLed2)
    toggleLed3                               0x000013d5   Thumb Code    32  flash.o(i.toggleLed3)
    uxListRemove                             0x000013f5   Thumb Code    40  list.o(i.uxListRemove)
    vListInitialise                          0x0000141d   Thumb Code    26  list.o(i.vListInitialise)
    vListInsert                              0x00001437   Thumb Code    54  list.o(i.vListInsert)
    vListInsertEnd                           0x0000146d   Thumb Code    24  list.o(i.vListInsertEnd)
    vPortEnterCritical                       0x00001485   Thumb Code    22  port.o(i.vPortEnterCritical)
    vPortExitCritical                        0x000014a1   Thumb Code    36  port.o(i.vPortExitCritical)
    vPortFree                                0x000014c9   Thumb Code   120  heap_4.o(i.vPortFree)
    vPortYield                               0x00001549   Thumb Code    18  port.o(i.vPortYield)
    vQueueWaitForMessageRestricted           0x00001561   Thumb Code    76  queue.o(i.vQueueWaitForMessageRestricted)
    vTaskDelay                               0x000015ad   Thumb Code    62  tasks.o(i.vTaskDelay)
    vTaskMissedYield                         0x000015f1   Thumb Code     8  tasks.o(i.vTaskMissedYield)
    vTaskPlaceOnEventList                    0x000015fd   Thumb Code    38  tasks.o(i.vTaskPlaceOnEventList)
    vTaskPlaceOnEventListRestricted          0x00001629   Thumb Code    48  tasks.o(i.vTaskPlaceOnEventListRestricted)
    vTaskPriorityInherit                     0x0000165d   Thumb Code   128  tasks.o(i.vTaskPriorityInherit)
    vTaskSetTimeOutState                     0x000016e9   Thumb Code    24  tasks.o(i.vTaskSetTimeOutState)
    vTaskStartScheduler                      0x00001709   Thumb Code    90  tasks.o(i.vTaskStartScheduler)
    vTaskSuspendAll                          0x00001781   Thumb Code    12  tasks.o(i.vTaskSuspendAll)
    vTaskSwitchContext                       0x00001791   Thumb Code   108  tasks.o(i.vTaskSwitchContext)
    xPortStartScheduler                      0x00001811   Thumb Code    48  port.o(i.xPortStartScheduler)
    xQueueGenericCreate                      0x00001849   Thumb Code    80  queue.o(i.xQueueGenericCreate)
    xQueueGenericReceive                     0x00001899   Thumb Code   396  queue.o(i.xQueueGenericReceive)
    xQueueGenericReset                       0x00001a25   Thumb Code   130  queue.o(i.xQueueGenericReset)
    xQueueGenericSend                        0x00001aa7   Thumb Code   370  queue.o(i.xQueueGenericSend)
    xQueueGenericSendFromISR                 0x00001c19   Thumb Code   216  queue.o(i.xQueueGenericSendFromISR)
    xTaskCheckForTimeOut                     0x00001cf1   Thumb Code   106  tasks.o(i.xTaskCheckForTimeOut)
    xTaskCreate                              0x00001d65   Thumb Code    92  tasks.o(i.xTaskCreate)
    xTaskGetSchedulerState                   0x00001dc1   Thumb Code    28  tasks.o(i.xTaskGetSchedulerState)
    xTaskGetTickCount                        0x00001de5   Thumb Code     6  tasks.o(i.xTaskGetTickCount)
    xTaskIncrementTick                       0x00001df1   Thumb Code   270  tasks.o(i.xTaskIncrementTick)
    xTaskPriorityDisinherit                  0x00001f2d   Thumb Code   124  tasks.o(i.xTaskPriorityDisinherit)
    xTaskRemoveFromEventList                 0x00001fb5   Thumb Code   112  tasks.o(i.xTaskRemoveFromEventList)
    xTaskResumeAll                           0x0000203d   Thumb Code   206  tasks.o(i.xTaskResumeAll)
    xTimerCreateTimerTask                    0x0000212d   Thumb Code    54  timers.o(i.xTimerCreateTimerTask)
    xTimerGenericCommand                     0x00002179   Thumb Code   110  timers.o(i.xTimerGenericCommand)
    led_pin                                  0x000021ec   Data          16  led_frdm-kw41z.o(.constdata)
    led_port                                 0x000021fc   Data          16  led_frdm-kw41z.o(.constdata)
    led_gpio                                 0x0000220c   Data          16  led_frdm-kw41z.o(.constdata)
    Region$$Table$$Base                      0x0000221c   Number         0  anon$$obj.o(Region$$Table)
    Region$$Table$$Limit                     0x0000223c   Number         0  anon$$obj.o(Region$$Table)
    SystemCoreClock                          0x1fff8000   Data           4  system_mkw41z4.o(.data)
    pxCurrentTCB                             0x1fff8020   Data           4  tasks.o(.data)
    __libspace_start                         0x1fff9160   Data          96  libspace.o(.bss)
    __temporary_stack_top$libspace           0x1fff91c0   Data           0  libspace.o(.bss)



==============================================================================

Memory Map of the image

  Image Entry point : 0x00000215

  Load Region LR_1 (Base: 0x00000000, Size: 0x000022ac, Max: 0xffffffff, ABSOLUTE)

    Execution Region ER_RO (Exec base: 0x00000000, Load base: 0x00000000, Size: 0x0000223c, Max: 0xffffffff, ABSOLUTE)

    Exec Addr    Load Addr    Size         Type   Attr      Idx    E Section Name        Object

    0x00000000   0x00000000   0x000000c0   Data   RO          171    RESET               startup_mkw41z4.o
    0x000000c0   0x000000c0   0x00000008   Code   RO         1111  * !!!main             c_p.l(__main.o)
    0x000000c8   0x000000c8   0x0000003c   Code   RO         1280    !!!scatter          c_p.l(__scatter.o)
    0x00000104   0x00000104   0x0000001a   Code   RO         1282    !!handler_copy      c_p.l(__scatter_copy.o)
    0x0000011e   0x0000011e   0x00000002   PAD
    0x00000120   0x00000120   0x0000001c   Code   RO         1284    !!handler_zi        c_p.l(__scatter_zi.o)
    0x0000013c   0x0000013c   0x00000002   Code   RO         1149    .ARM.Collect$$libinit$$00000000  c_p.l(libinit.o)
    0x0000013e   0x0000013e   0x00000000   Code   RO         1163    .ARM.Collect$$libinit$$00000002  c_p.l(libinit2.o)
    0x0000013e   0x0000013e   0x00000000   Code   RO         1165    .ARM.Collect$$libinit$$00000004  c_p.l(libinit2.o)
    0x0000013e   0x0000013e   0x00000000   Code   RO         1168    .ARM.Collect$$libinit$$0000000A  c_p.l(libinit2.o)
    0x0000013e   0x0000013e   0x00000000   Code   RO         1170    .ARM.Collect$$libinit$$0000000C  c_p.l(libinit2.o)
    0x0000013e   0x0000013e   0x00000000   Code   RO         1172    .ARM.Collect$$libinit$$0000000E  c_p.l(libinit2.o)
    0x0000013e   0x0000013e   0x00000000   Code   RO         1175    .ARM.Collect$$libinit$$00000011  c_p.l(libinit2.o)
    0x0000013e   0x0000013e   0x00000000   Code   RO         1177    .ARM.Collect$$libinit$$00000013  c_p.l(libinit2.o)
    0x0000013e   0x0000013e   0x00000000   Code   RO         1179    .ARM.Collect$$libinit$$00000015  c_p.l(libinit2.o)
    0x0000013e   0x0000013e   0x00000000   Code   RO         1181    .ARM.Collect$$libinit$$00000017  c_p.l(libinit2.o)
    0x0000013e   0x0000013e   0x00000000   Code   RO         1183    .ARM.Collect$$libinit$$00000019  c_p.l(libinit2.o)
    0x0000013e   0x0000013e   0x00000000   Code   RO         1185    .ARM.Collect$$libinit$$0000001B  c_p.l(libinit2.o)
    0x0000013e   0x0000013e   0x00000000   Code   RO         1187    .ARM.Collect$$libinit$$0000001D  c_p.l(libinit2.o)
    0x0000013e   0x0000013e   0x00000000   Code   RO         1189    .ARM.Collect$$libinit$$0000001F  c_p.l(libinit2.o)
    0x0000013e   0x0000013e   0x00000000   Code   RO         1191    .ARM.Collect$$libinit$$00000021  c_p.l(libinit2.o)
    0x0000013e   0x0000013e   0x00000000   Code   RO         1193    .ARM.Collect$$libinit$$00000023  c_p.l(libinit2.o)
    0x0000013e   0x0000013e   0x00000000   Code   RO         1195    .ARM.Collect$$libinit$$00000025  c_p.l(libinit2.o)
    0x0000013e   0x0000013e   0x00000000   Code   RO         1199    .ARM.Collect$$libinit$$0000002C  c_p.l(libinit2.o)
    0x0000013e   0x0000013e   0x00000000   Code   RO         1201    .ARM.Collect$$libinit$$0000002E  c_p.l(libinit2.o)
    0x0000013e   0x0000013e   0x00000000   Code   RO         1203    .ARM.Collect$$libinit$$00000030  c_p.l(libinit2.o)
    0x0000013e   0x0000013e   0x00000000   Code   RO         1205    .ARM.Collect$$libinit$$00000032  c_p.l(libinit2.o)
    0x0000013e   0x0000013e   0x00000002   Code   RO         1206    .ARM.Collect$$libinit$$00000033  c_p.l(libinit2.o)
    0x00000140   0x00000140   0x00000002   Code   RO         1237    .ARM.Collect$$libshutdown$$00000000  c_p.l(libshutdown.o)
    0x00000142   0x00000142   0x00000000   Code   RO         1263    .ARM.Collect$$libshutdown$$00000002  c_p.l(libshutdown2.o)
    0x00000142   0x00000142   0x00000000   Code   RO         1265    .ARM.Collect$$libshutdown$$00000004  c_p.l(libshutdown2.o)
    0x00000142   0x00000142   0x00000000   Code   RO         1268    .ARM.Collect$$libshutdown$$00000007  c_p.l(libshutdown2.o)
    0x00000142   0x00000142   0x00000000   Code   RO         1271    .ARM.Collect$$libshutdown$$0000000A  c_p.l(libshutdown2.o)
    0x00000142   0x00000142   0x00000000   Code   RO         1273    .ARM.Collect$$libshutdown$$0000000C  c_p.l(libshutdown2.o)
    0x00000142   0x00000142   0x00000000   Code   RO         1276    .ARM.Collect$$libshutdown$$0000000F  c_p.l(libshutdown2.o)
    0x00000142   0x00000142   0x00000002   Code   RO         1277    .ARM.Collect$$libshutdown$$00000010  c_p.l(libshutdown2.o)
    0x00000144   0x00000144   0x00000000   Code   RO         1113    .ARM.Collect$$rtentry$$00000000  c_p.l(__rtentry.o)
    0x00000144   0x00000144   0x00000000   Code   RO         1119    .ARM.Collect$$rtentry$$00000002  c_p.l(__rtentry2.o)
    0x00000144   0x00000144   0x00000006   Code   RO         1131    .ARM.Collect$$rtentry$$00000004  c_p.l(__rtentry4.o)
    0x0000014a   0x0000014a   0x00000000   Code   RO         1121    .ARM.Collect$$rtentry$$00000009  c_p.l(__rtentry2.o)
    0x0000014a   0x0000014a   0x00000004   Code   RO         1122    .ARM.Collect$$rtentry$$0000000A  c_p.l(__rtentry2.o)
    0x0000014e   0x0000014e   0x00000000   Code   RO         1124    .ARM.Collect$$rtentry$$0000000C  c_p.l(__rtentry2.o)
    0x0000014e   0x0000014e   0x00000008   Code   RO         1125    .ARM.Collect$$rtentry$$0000000D  c_p.l(__rtentry2.o)
    0x00000156   0x00000156   0x00000002   Code   RO         1154    .ARM.Collect$$rtexit$$00000000  c_p.l(rtexit.o)
    0x00000158   0x00000158   0x00000000   Code   RO         1210    .ARM.Collect$$rtexit$$00000002  c_p.l(rtexit2.o)
    0x00000158   0x00000158   0x00000004   Code   RO         1211    .ARM.Collect$$rtexit$$00000003  c_p.l(rtexit2.o)
    0x0000015c   0x0000015c   0x00000006   Code   RO         1212    .ARM.Collect$$rtexit$$00000004  c_p.l(rtexit2.o)
    0x00000162   0x00000162   0x00000002   PAD
    0x00000164   0x00000164   0x00000078   Code   RO          416    .emb_text           port.o
    0x000001dc   0x000001dc   0x00000038   Code   RO         1101    .emb_text           c_p.l(rt_memcpy.o)
    0x00000214   0x00000214   0x00000094   Code   RO          173  * .text               startup_mkw41z4.o
    0x000002a8   0x000002a8   0x00000082   Code   RO         1102    .text               c_p.l(rt_memcpy.o)
    0x0000032a   0x0000032a   0x00000006   Code   RO         1109    .text               c_p.l(heapauxi.o)
    0x00000330   0x00000330   0x0000003e   Code   RO         1135    .text               c_p.l(sys_stackheap_outer.o)
    0x0000036e   0x0000036e   0x00000010   Code   RO         1138    .text               c_p.l(exit.o)
    0x0000037e   0x0000037e   0x00000002   PAD
    0x00000380   0x00000380   0x00000008   Code   RO         1150    .text               c_p.l(libspace.o)
    0x00000388   0x00000388   0x0000000c   Code   RO         1207    .text               c_p.l(sys_exit.o)
    0x00000394   0x00000394   0x00000002   Code   RO         1226    .text               c_p.l(use_no_semi.o)
    0x00000396   0x00000396   0x00000000   Code   RO         1228    .text               c_p.l(indicate_semi.o)
    0x00000396   0x00000396   0x00000002   PAD
    0x00000398   0x00000398   0x00000024   Code   RO          116    i.LED_Off           led_frdm-kw41z.o
    0x000003bc   0x000003bc   0x00000024   Code   RO          117    i.LED_On            led_frdm-kw41z.o
    0x000003e0   0x000003e0   0x00000002   Code   RO          417    i.SVC_Handler       port.o
    0x000003e2   0x000003e2   0x00000002   PAD
    0x000003e4   0x000003e4   0x0000000c   Code   RO          182    i.SystemInit        system_mkw41z4.o
    0x000003f0   0x000003f0   0x00000006   Code   RO          333    i.vListInitialiseItem  list.o
    0x000003f6   0x000003f6   0x0000000a   PAD
    0x00000400   0x00000400   0x00000010   Code   RO          172    .ARM.__at_0x400     startup_mkw41z4.o
    0x00000410   0x00000410   0x0000015a   Code   RO         1105    .text               c_p.l(aeabi_sdiv.o)
    0x0000056a   0x0000056a   0x00000002   PAD
    0x0000056c   0x0000056c   0x000000a4   Code   RO          115    i.LED_Initialize    led_frdm-kw41z.o
    0x00000610   0x00000610   0x00000024   Code   RO          418    i.SysTick_Handler   port.o
    0x00000634   0x00000634   0x0000018c   Code   RO          181    i.SystemCoreClockUpdate  system_mkw41z4.o
    0x000007c0   0x000007c0   0x0000001c   Code   RO          205    i.__ARM_common_switch8  system_mkw41z4.o
    0x000007dc   0x000007dc   0x000000a8   Code   RO            3    i.main              flash.o
    0x00000884   0x00000884   0x0000007c   Code   RO          678    i.prvAddCurrentTaskToDelayedList  tasks.o
    0x00000900   0x00000900   0x000000a4   Code   RO          679    i.prvAddNewTaskToReadyList  tasks.o
    0x000009a4   0x000009a4   0x00000050   Code   RO          981    i.prvCheckForValidListAndQueue  timers.o
    0x000009f4   0x000009f4   0x00000068   Code   RO          680    i.prvCheckTasksWaitingTermination  tasks.o
    0x00000a5c   0x00000a5c   0x0000002c   Code   RO          486    i.prvCopyDataFromQueue  queue.o
    0x00000a88   0x00000a88   0x00000080   Code   RO          487    i.prvCopyDataToQueue  queue.o
    0x00000b08   0x00000b08   0x00000012   Code   RO          681    i.prvDeleteTCB      tasks.o
    0x00000b1a   0x00000b1a   0x00000002   PAD
    0x00000b1c   0x00000b1c   0x0000002c   Code   RO          982    i.prvGetNextExpireTime  timers.o
    0x00000b48   0x00000b48   0x0000007c   Code   RO          367    i.prvHeapInit       heap_4.o
    0x00000bc4   0x00000bc4   0x00000018   Code   RO          682    i.prvIdleTask       tasks.o
    0x00000bdc   0x00000bdc   0x00000026   Code   RO          489    i.prvInitialiseNewQueue  queue.o
    0x00000c02   0x00000c02   0x000000a4   Code   RO          683    i.prvInitialiseNewTask  tasks.o
    0x00000ca6   0x00000ca6   0x00000002   PAD
    0x00000ca8   0x00000ca8   0x00000064   Code   RO          684    i.prvInitialiseTaskLists  tasks.o
    0x00000d0c   0x00000d0c   0x00000068   Code   RO          368    i.prvInsertBlockIntoFreeList  heap_4.o
    0x00000d74   0x00000d74   0x00000054   Code   RO          984    i.prvInsertTimerInActiveList  timers.o
    0x00000dc8   0x00000dc8   0x0000001c   Code   RO          490    i.prvIsQueueEmpty   queue.o
    0x00000de4   0x00000de4   0x0000001e   Code   RO          491    i.prvIsQueueFull    queue.o
    0x00000e02   0x00000e02   0x0000007a   Code   RO          492    i.prvNotifyQueueSetContainer  queue.o
    0x00000e7c   0x00000e7c   0x00000058   Code   RO          985    i.prvProcessExpiredTimer  timers.o
    0x00000ed4   0x00000ed4   0x000000e4   Code   RO          986    i.prvProcessReceivedCommands  timers.o
    0x00000fb8   0x00000fb8   0x0000006c   Code   RO          987    i.prvProcessTimerOrBlockTask  timers.o
    0x00001024   0x00001024   0x00000038   Code   RO          685    i.prvResetNextTaskUnblockTime  tasks.o
    0x0000105c   0x0000105c   0x0000002c   Code   RO          988    i.prvSampleTimeNow  timers.o
    0x00001088   0x00001088   0x00000024   Code   RO          419    i.prvSetupTimerInterrupt  port.o
    0x000010ac   0x000010ac   0x00000090   Code   RO          989    i.prvSwitchTimerLists  timers.o
    0x0000113c   0x0000113c   0x00000024   Code   RO          420    i.prvTaskExitError  port.o
    0x00001160   0x00001160   0x0000001a   Code   RO          990    i.prvTimerTask      timers.o
    0x0000117a   0x0000117a   0x000000a6   Code   RO          493    i.prvUnlockQueue    queue.o
    0x00001220   0x00001220   0x0000011c   Code   RO          369    i.pvPortMalloc      heap_4.o
    0x0000133c   0x0000133c   0x00000020   Code   RO          687    i.pvTaskIncrementMutexHeldCount  tasks.o
    0x0000135c   0x0000135c   0x00000020   Code   RO          421    i.pxPortInitialiseStack  port.o
    0x0000137c   0x0000137c   0x0000001c   Code   RO            4    i.toggleLed0        flash.o
    0x00001398   0x00001398   0x0000001c   Code   RO            5    i.toggleLed1        flash.o
    0x000013b4   0x000013b4   0x00000020   Code   RO            6    i.toggleLed2        flash.o
    0x000013d4   0x000013d4   0x00000020   Code   RO            7    i.toggleLed3        flash.o
    0x000013f4   0x000013f4   0x00000028   Code   RO          331    i.uxListRemove      list.o
    0x0000141c   0x0000141c   0x0000001a   Code   RO          332    i.vListInitialise   list.o
    0x00001436   0x00001436   0x00000036   Code   RO          334    i.vListInsert       list.o
    0x0000146c   0x0000146c   0x00000018   Code   RO          335    i.vListInsertEnd    list.o
    0x00001484   0x00001484   0x0000001c   Code   RO          423    i.vPortEnterCritical  port.o
    0x000014a0   0x000014a0   0x00000028   Code   RO          424    i.vPortExitCritical  port.o
    0x000014c8   0x000014c8   0x00000080   Code   RO          370    i.vPortFree         heap_4.o
    0x00001548   0x00001548   0x00000018   Code   RO          425    i.vPortYield        port.o
    0x00001560   0x00001560   0x0000004c   Code   RO          498    i.vQueueWaitForMessageRestricted  queue.o
    0x000015ac   0x000015ac   0x00000044   Code   RO          693    i.vTaskDelay        tasks.o
    0x000015f0   0x000015f0   0x0000000c   Code   RO          697    i.vTaskMissedYield  tasks.o
    0x000015fc   0x000015fc   0x0000002c   Code   RO          699    i.vTaskPlaceOnEventList  tasks.o
    0x00001628   0x00001628   0x00000034   Code   RO          700    i.vTaskPlaceOnEventListRestricted  tasks.o
    0x0000165c   0x0000165c   0x0000008c   Code   RO          702    i.vTaskPriorityInherit  tasks.o
    0x000016e8   0x000016e8   0x00000020   Code   RO          705    i.vTaskSetTimeOutState  tasks.o
    0x00001708   0x00001708   0x00000078   Code   RO          706    i.vTaskStartScheduler  tasks.o
    0x00001780   0x00001780   0x00000010   Code   RO          708    i.vTaskSuspendAll   tasks.o
    0x00001790   0x00001790   0x00000080   Code   RO          709    i.vTaskSwitchContext  tasks.o
    0x00001810   0x00001810   0x00000038   Code   RO          426    i.xPortStartScheduler  port.o
    0x00001848   0x00001848   0x00000050   Code   RO          503    i.xQueueGenericCreate  queue.o
    0x00001898   0x00001898   0x0000018c   Code   RO          504    i.xQueueGenericReceive  queue.o
    0x00001a24   0x00001a24   0x00000082   Code   RO          505    i.xQueueGenericReset  queue.o
    0x00001aa6   0x00001aa6   0x00000172   Code   RO          506    i.xQueueGenericSend  queue.o
    0x00001c18   0x00001c18   0x000000d8   Code   RO          507    i.xQueueGenericSendFromISR  queue.o
    0x00001cf0   0x00001cf0   0x00000074   Code   RO          710    i.xTaskCheckForTimeOut  tasks.o
    0x00001d64   0x00001d64   0x0000005c   Code   RO          711    i.xTaskCreate       tasks.o
    0x00001dc0   0x00001dc0   0x00000024   Code   RO          715    i.xTaskGetSchedulerState  tasks.o
    0x00001de4   0x00001de4   0x0000000c   Code   RO          716    i.xTaskGetTickCount  tasks.o
    0x00001df0   0x00001df0   0x0000013c   Code   RO          718    i.xTaskIncrementTick  tasks.o
    0x00001f2c   0x00001f2c   0x00000088   Code   RO          721    i.xTaskPriorityDisinherit  tasks.o
    0x00001fb4   0x00001fb4   0x00000088   Code   RO          722    i.xTaskRemoveFromEventList  tasks.o
    0x0000203c   0x0000203c   0x000000f0   Code   RO          724    i.xTaskResumeAll    tasks.o
    0x0000212c   0x0000212c   0x0000004c   Code   RO          994    i.xTimerCreateTimerTask  timers.o
    0x00002178   0x00002178   0x00000074   Code   RO          995    i.xTimerGenericCommand  timers.o
    0x000021ec   0x000021ec   0x00000030   Data   RO          120    .constdata          led_frdm-kw41z.o
    0x0000221c   0x0000221c   0x00000020   Data   RO         1278    Region$$Table       anon$$obj.o


    Execution Region ER_RW (Exec base: 0x1fff8000, Load base: 0x0000223c, Size: 0x00000070, Max: 0xffffffff, ABSOLUTE)

    Exec Addr    Load Addr    Size         Type   Attr      Idx    E Section Name        Object

    0x1fff8000   0x0000223c   0x00000004   Data   RW          183    .data               system_mkw41z4.o
    0x1fff8004   0x00002240   0x00000018   Data   RW          375    .data               heap_4.o
    0x1fff801c   0x00002258   0x00000004   Data   RW          427    .data               port.o
    0x1fff8020   0x0000225c   0x0000003c   Data   RW          727    .data               tasks.o
    0x1fff805c   0x00002298   0x00000014   Data   RW         1001    .data               timers.o


    Execution Region ER_ZI (Exec base: 0x1fff8070, Load base: 0x000022ac, Size: 0x00001550, Max: 0xffffffff, ABSOLUTE)

    Exec Addr    Load Addr    Size         Type   Attr      Idx    E Section Name        Object

    0x1fff8070        -       0x00001000   Zero   RW          374    .bss                heap_4.o
    0x1fff9070        -       0x000000c8   Zero   RW          726    .bss                tasks.o
    0x1fff9138        -       0x00000028   Zero   RW         1000    .bss                timers.o
    0x1fff9160        -       0x00000060   Zero   RW         1151    .bss                c_p.l(libspace.o)
    0x1fff91c0        -       0x00000000   Zero   RW          170    HEAP                startup_mkw41z4.o
    0x1fff91c0        -       0x00000400   Zero   RW          169    STACK               startup_mkw41z4.o


==============================================================================

Image component sizes


      Code (inc. data)   RO Data    RW Data    ZI Data      Debug   Object Name

         0          0          0          0          0       1476   event_groups.o
       288         66          0          0          0      15767   flash.o
         0          0          0          0          0       4912   freertos_evr.o
       640         60          0         24       4096       4259   heap_4.o
       236         32         48          0          0       2624   led_frdm-kw41z.o
       150          0          0          0          0       3174   list.o
       410         58          0          4          0       6584   port.o
      1824          0          0          0          0      12690   queue.o
       164         86        192          0       1024       1236   startup_mkw41z4.o
       436         44          0          4          0       1531   system_mkw41z4.o
      2482        346          0         60        200      20593   tasks.o
      1038        108          0         20         40       8927   timers.o

    ----------------------------------------------------------------------
      7684        800        272        112       5360      83773   Object Totals
         0          0         32          0          0          0   (incl. Generated)
        16          0          0          0          0          0   (incl. Padding)

    ----------------------------------------------------------------------

      Code (inc. data)   RO Data    RW Data    ZI Data      Debug   Library Member Name

         8          0          0          0          0         68   __main.o
         0          0          0          0          0          0   __rtentry.o
        12          0          0          0          0          0   __rtentry2.o
         6          0          0          0          0          0   __rtentry4.o
        60          8          0          0          0          0   __scatter.o
        26          0          0          0          0          0   __scatter_copy.o
        28          0          0          0          0          0   __scatter_zi.o
       346          0          0          0          0         92   aeabi_sdiv.o
        16          0          0          0          0         68   exit.o
         6          0          0          0          0        136   heapauxi.o
         0          0          0          0          0          0   indicate_semi.o
         2          0          0          0          0          0   libinit.o
         2          0          0          0          0          0   libinit2.o
         2          0          0          0          0          0   libshutdown.o
         2          0          0          0          0          0   libshutdown2.o
         8          4          0          0         96         68   libspace.o
       186          0          0          0          0        144   rt_memcpy.o
         2          0          0          0          0          0   rtexit.o
        10          0          0          0          0          0   rtexit2.o
        12          4          0          0          0         60   sys_exit.o
        62          0          0          0          0         80   sys_stackheap_outer.o
         2          0          0          0          0         68   use_no_semi.o

    ----------------------------------------------------------------------
       808         16          0          0         96        784   Library Totals
        10          0          0          0          0          0   (incl. Padding)

    ----------------------------------------------------------------------

      Code (inc. data)   RO Data    RW Data    ZI Data      Debug   Library Name

       798         16          0          0         96        784   c_p.l

    ----------------------------------------------------------------------
       808         16          0          0         96        784   Library Totals

    ----------------------------------------------------------------------

==============================================================================


      Code (inc. data)   RO Data    RW Data    ZI Data      Debug   

      8492        816        272        112       5456      80921   Grand Totals
      8492        816        272        112       5456      80921   ELF Image Totals
      8492        816        272        112          0          0   ROM Totals

==============================================================================

    Total RO  Size (Code + RO Data)                 8764 (   8.56kB)
    Total RW  Size (RW Data + ZI Data)              5568 (   5.44kB)
    Total ROM Size (Code + RO Data + RW Data)       8876 (   8.67kB)

==============================================================================

